#
# There is insufficient memory for the Java Runtime Environment to continue.
# Native memory allocation (malloc) failed to allocate 1070808 bytes. Error detail: Chunk::new
# Possible reasons:
#   The system is out of physical RAM or swap space
#   This process is running with CompressedOops enabled, and the Java Heap may be blocking the growth of the native heap
# Possible solutions:
#   Reduce memory load on the system
#   Increase physical memory or swap space
#   Check if swap backing store is full
#   Decrease Java heap size (-Xmx/-Xms)
#   Decrease number of Java threads
#   Decrease Java thread stack sizes (-Xss)
#   Set larger code cache with -XX:ReservedCodeCacheSize=
#   JVM is running with Zero Based Compressed Oops mode in which the Java heap is
#     placed in the first 32GB address space. The Java Heap base address is the
#     maximum limit for the native heap growth. Please use -XX:HeapBaseMinAddress
#     to set the Java Heap base and to place the Java Heap above 32GB virtual address.
# This output file may be truncated or incomplete.
#
#  Out of Memory Error (arena.cpp:186), pid=14688, tid=27156
#
# JRE version: Java(TM) SE Runtime Environment (25.0.1+8) (build 25.0.1+8-LTS-27)
# Java VM: Java HotSpot(TM) 64-Bit Server VM (25.0.1+8-LTS-27, mixed mode, sharing, tiered, compressed oops, compressed class ptrs, g1 gc, windows-amd64)
# No core dump will be written. Minidumps are not enabled by default on client versions of Windows
#

---------------  S U M M A R Y ------------

Command Line: org.languagetool.server.HTTPServer -p 8081

Host: AMD Ryzen 7 7840HS w/ Radeon 780M Graphics     , 16 cores, 15G,  Windows 11 , 64 bit Build 26100 (10.0.26100.4484)
Time: Wed Nov  5 23:20:21 2025 India Standard Time elapsed time: 49.279680 seconds (0d 0h 0m 49s)

---------------  T H R E A D  ---------------

Current thread (0x00000119eb0bed20):  JavaThread "C2 CompilerThread4" daemon [_thread_in_native, id=27156, stack(0x00000001c9e00000,0x00000001c9f00000) (1024K)]


Current CompileTask:
C2:49279 3359       4       com.sun.org.apache.xerces.internal.impl.XMLEntityScanner::scanContent (295 bytes)

Stack: [0x00000001c9e00000,0x00000001c9f00000]
Native frames: (J=compiled Java code, j=interpreted, Vv=VM code, C=native code)
V  [jvm.dll+0x7a6b59]  (no source info available)
V  [jvm.dll+0x77290d]  (no source info available)
V  [jvm.dll+0x966153]  (no source info available)
V  [jvm.dll+0x968751]  (no source info available)
V  [jvm.dll+0x968e53]  (no source info available)
V  [jvm.dll+0x2fc756]  (no source info available)
V  [jvm.dll+0x111b26]  (no source info available)
V  [jvm.dll+0x111e4e]  (no source info available)
V  [jvm.dll+0x1a0a22]  (no source info available)
V  [jvm.dll+0x3b53c2]  (no source info available)
V  [jvm.dll+0x7ac4ef]  (no source info available)
V  [jvm.dll+0x2c0ac7]  (no source info available)
V  [jvm.dll+0x2bfa8f]  (no source info available)
V  [jvm.dll+0x237b60]  (no source info available)
V  [jvm.dll+0x2cfb56]  (no source info available)
V  [jvm.dll+0x2cddd5]  (no source info available)
V  [jvm.dll+0x48e6d1]  (no source info available)
V  [jvm.dll+0x906a0d]  (no source info available)
V  [jvm.dll+0x7a5135]  (no source info available)
C  [ucrtbase.dll+0x37b0]  (no source info available)
C  [KERNEL32.DLL+0x2e8d7]  (no source info available)
C  [ntdll.dll+0x3c34c]  (no source info available)

Lock stack of current Java thread (top to bottom):


---------------  P R O C E S S  ---------------

Threads class SMR info:
_java_thread_list=0x00000119eb02c480, length=23, elements={
0x00000119e62ed1b0, 0x00000119e62ed970, 0x00000119e62f0950, 0x00000119e62f38b0,
0x00000119e62f5b50, 0x00000119e62f6710, 0x00000119c4d0c550, 0x00000119c4d0ad20,
0x00000119e632e2f0, 0x00000119eb0a8840, 0x00000119ec4422f0, 0x00000119ec403f50,
0x00000119edbaa930, 0x00000119ed650d50, 0x00000119ec9b7e80, 0x00000119c4d21f70,
0x00000119eb674e30, 0x00000119eb0b6410, 0x00000119eb0baca0, 0x00000119e6305550,
0x00000119eb0b7430, 0x00000119eb0b7c40, 0x00000119eb0bed20
}

Java Threads: ( => current thread )
  0x00000119e62ed1b0 JavaThread "Reference Handler"          daemon [_thread_blocked, id=15820, stack(0x00000001c7e00000,0x00000001c7f00000) (1024K)]
  0x00000119e62ed970 JavaThread "Finalizer"                  daemon [_thread_blocked, id=28692, stack(0x00000001c7f00000,0x00000001c8000000) (1024K)]
  0x00000119e62f0950 JavaThread "Signal Dispatcher"          daemon [_thread_blocked, id=18576, stack(0x00000001c8000000,0x00000001c8100000) (1024K)]
  0x00000119e62f38b0 JavaThread "Attach Listener"            daemon [_thread_blocked, id=4764, stack(0x00000001c8100000,0x00000001c8200000) (1024K)]
  0x00000119e62f5b50 JavaThread "Service Thread"             daemon [_thread_blocked, id=10148, stack(0x00000001c8200000,0x00000001c8300000) (1024K)]
  0x00000119e62f6710 JavaThread "Monitor Deflation Thread"   daemon [_thread_blocked, id=27896, stack(0x00000001c8300000,0x00000001c8400000) (1024K)]
  0x00000119c4d0c550 JavaThread "C2 CompilerThread0"         daemon [_thread_in_native, id=9532, stack(0x00000001c8400000,0x00000001c8500000) (1024K)]
  0x00000119c4d0ad20 JavaThread "C1 CompilerThread0"         daemon [_thread_blocked, id=13600, stack(0x00000001c8500000,0x00000001c8600000) (1024K)]
  0x00000119e632e2f0 JavaThread "Notification Thread"        daemon [_thread_blocked, id=17388, stack(0x00000001c8600000,0x00000001c8700000) (1024K)]
  0x00000119eb0a8840 JavaThread "Common-Cleaner"             daemon [_thread_blocked, id=28704, stack(0x00000001c8700000,0x00000001c8800000) (1024K)]
  0x00000119ec4422f0 JavaThread "LtThreadPoolMonitor"        daemon [_thread_blocked, id=1004, stack(0x00000001c8d00000,0x00000001c8e00000) (1024K)]
  0x00000119ec403f50 JavaThread "LtThreadPoolExecutorMonitor" daemon [_thread_blocked, id=24388, stack(0x00000001c8e00000,0x00000001c8f00000) (1024K)]
  0x00000119edbaa930 JavaThread "LtThreadPoolExecutorMonitor" daemon [_thread_blocked, id=4256, stack(0x00000001c9100000,0x00000001c9200000) (1024K)]
  0x00000119ed650d50 JavaThread "idle-timeout-task"          daemon [_thread_blocked, id=8400, stack(0x00000001c9900000,0x00000001c9a00000) (1024K)]
  0x00000119ec9b7e80 JavaThread "HTTP-Dispatcher"                   [_thread_in_native, id=8416, stack(0x00000001c9a00000,0x00000001c9b00000) (1024K)]
  0x00000119c4d21f70 JavaThread "DestroyJavaVM"                     [_thread_blocked, id=23264, stack(0x00000001c7600000,0x00000001c7700000) (1024K)]
  0x00000119eb674e30 JavaThread "lt-server-thread-0"                [_thread_blocked, id=10916, stack(0x00000001c8a00000,0x00000001c8b00000) (1024K)]
  0x00000119eb0b6410 JavaThread "C1 CompilerThread1"         daemon [_thread_in_native, id=8376, stack(0x00000001c8b00000,0x00000001c8c00000) (1024K)]
  0x00000119eb0baca0 JavaThread "C2 CompilerThread1"         daemon [_thread_in_native, id=20892, stack(0x00000001c9000000,0x00000001c9100000) (1024K)]
  0x00000119e6305550 JavaThread "lt-text-checker-thread-0"          [_thread_in_Java, id=29108, stack(0x00000001c9b00000,0x00000001c9c00000) (1024K)]
  0x00000119eb0b7430 JavaThread "C2 CompilerThread2"         daemon [_thread_in_native, id=21432, stack(0x00000001c9c00000,0x00000001c9d00000) (1024K)]
  0x00000119eb0b7c40 JavaThread "C2 CompilerThread3"         daemon [_thread_in_native, id=27608, stack(0x00000001c9d00000,0x00000001c9e00000) (1024K)]
=>0x00000119eb0bed20 JavaThread "C2 CompilerThread4"         daemon [_thread_in_native, id=27156, stack(0x00000001c9e00000,0x00000001c9f00000) (1024K)]
Total: 23

Other Threads:
  0x00000119e62daca0 VMThread "VM Thread"                           [id=16796, stack(0x00000001c7d00000,0x00000001c7e00000) (1024K)]
  0x00000119c4d14e50 WatcherThread "VM Periodic Task Thread"        [id=19820, stack(0x00000001c7c00000,0x00000001c7d00000) (1024K)]
  0x00000119c7102220 WorkerThread "GC Thread#0"                     [id=19460, stack(0x00000001c7700000,0x00000001c7800000) (1024K)]
  0x00000119ed666570 WorkerThread "GC Thread#1"                     [id=26548, stack(0x00000001c9200000,0x00000001c9300000) (1024K)]
  0x00000119ed570c40 WorkerThread "GC Thread#2"                     [id=24956, stack(0x00000001c9300000,0x00000001c9400000) (1024K)]
  0x00000119ecdb0940 WorkerThread "GC Thread#3"                     [id=3476, stack(0x00000001c9400000,0x00000001c9500000) (1024K)]
  0x00000119ecdafc50 WorkerThread "GC Thread#4"                     [id=24608, stack(0x00000001c9500000,0x00000001c9600000) (1024K)]
  0x00000119ecdaeb10 WorkerThread "GC Thread#5"                     [id=28936, stack(0x00000001c9600000,0x00000001c9700000) (1024K)]
  0x00000119ecdb11e0 WorkerThread "GC Thread#6"                     [id=19556, stack(0x00000001c9700000,0x00000001c9800000) (1024K)]
  0x00000119ecdaf800 WorkerThread "GC Thread#7"                     [id=21480, stack(0x00000001c9800000,0x00000001c9900000) (1024K)]
  0x00000119c7119fd0 ConcurrentGCThread "G1 Main Marker"            [id=11104, stack(0x00000001c7800000,0x00000001c7900000) (1024K)]
  0x00000119c711b860 WorkerThread "G1 Conc#0"                       [id=21556, stack(0x00000001c7900000,0x00000001c7a00000) (1024K)]
  0x00000119e6193440 ConcurrentGCThread "G1 Refine#0"               [id=3076, stack(0x00000001c7a00000,0x00000001c7b00000) (1024K)]
  0x00000119e6194d10 ConcurrentGCThread "G1 Service"                [id=23968, stack(0x00000001c7b00000,0x00000001c7c00000) (1024K)]
Total: 14

Threads with active compile tasks:
C2 CompilerThread0  49417 3425       4       org.languagetool.rules.patterns.PatternRuleHandler::startElement (3709 bytes)
C2 CompilerThread1  49417 3494       4       com.sun.org.apache.xerces.internal.impl.io.UTF8Reader::read (1443 bytes)
C2 CompilerThread2  49417 3437       4       org.languagetool.rules.patterns.PatternRuleHandler::endElement (2398 bytes)
C2 CompilerThread3  49417 3462       4       java.util.TimSort::binarySort (223 bytes)
C2 CompilerThread4  49417 3359       4       com.sun.org.apache.xerces.internal.impl.XMLEntityScanner::scanContent (295 bytes)
Total: 5

VM state: not at safepoint (normal execution)

VM Mutex/Monitor currently owned by a thread: None

Heap address: 0x000000070b600000, size: 3914 MB, Compressed Oops mode: Zero based, Oop shift amount: 3

CDS archive(s) mapped at: [0x000000000f000000-0x000000000fdd0000-0x000000000fdd0000), size 14483456, SharedBaseAddress: 0x000000000f000000, ArchiveRelocationMode: 1.
Compressed class space mapped at: 0x0000000010000000-0x0000000050000000, reserved size: 1073741824
UseCompressedClassPointers 1, UseCompactObjectHeaders 0
Narrow klass pointer bits 32, Max shift 3
Narrow klass base: 0x000000000f000000, Narrow klass shift: 0
Encoding Range: [0x000000000f000000 - 0x000000010f000000), (4294967296 bytes)
Klass Range:    [0x000000000f010000 - 0x0000000050000000), (1090453504 bytes)
Klass ID Range:  [65536 - 1090519033) (1090453497)
Protection zone: [0x000000000f000000 - 0x000000000f010000), (65536 bytes)

GC Precious Log:
 CardTable entry size: 512
 Card Set container configuration: InlinePtr #cards 4 size 8 Array Of Cards #cards 16 size 48 Howl #buckets 8 coarsen threshold 3686 Howl Bitmap #cards 512 size 80 coarsen threshold 460 Card regions per heap region 1 cards per card region 4096
 CPUs: 16 total, 16 available
 Memory: 15654M
 Large Page Support: Disabled
 NUMA Support: Disabled
 Compressed Oops: Enabled (Zero based)
 Heap Region Size: 2M
 Heap Min Capacity: 8M
 Heap Initial Capacity: 246M
 Heap Max Capacity: 3914M
 Pre-touch: Disabled
 Parallel Workers: 13
 Concurrent Workers: 3
 Concurrent Refinement Workers: 13
 Periodic GC: Disabled

Heap:
 garbage-first heap   total reserved 4007936K, committed 253952K, used 120739K [0x000000070b600000, 0x0000000800000000)
  region size 2048K, 31 young (63488K), 7 survivors (14336K)

Heap Regions: E=young(eden), S=young(survivor), O=old, HS=humongous(starts), HC=humongous(continues), CS=collection set, F=free, TAMS=top-at-mark-start, PB=parsable bottom
|   0|0x000000070b600000, 0x000000070b800000, 0x000000070b800000|100%| O|  |TAMS 0x000000070b600000| PB 0x000000070b600000| Untracked |  0
|   1|0x000000070b800000, 0x000000070ba00000, 0x000000070ba00000|100%| O|  |TAMS 0x000000070b800000| PB 0x000000070b800000| Untracked |  0
|   2|0x000000070ba00000, 0x000000070bc00000, 0x000000070bc00000|100%| O|  |TAMS 0x000000070ba00000| PB 0x000000070ba00000| Untracked |  0
|   3|0x000000070bc00000, 0x000000070be00000, 0x000000070be00000|100%| O|  |TAMS 0x000000070bc00000| PB 0x000000070bc00000| Untracked |  0
|   4|0x000000070be00000, 0x000000070c000000, 0x000000070c000000|100%|HS|  |TAMS 0x000000070be00000| PB 0x000000070be00000| Complete |  0
|   5|0x000000070c000000, 0x000000070c200000, 0x000000070c200000|100%|HS|  |TAMS 0x000000070c000000| PB 0x000000070c000000| Complete |  0
|   6|0x000000070c200000, 0x000000070c400000, 0x000000070c400000|100%|HC|  |TAMS 0x000000070c200000| PB 0x000000070c200000| Complete |  0
|   7|0x000000070c400000, 0x000000070c600000, 0x000000070c600000|100%| O|  |TAMS 0x000000070c400000| PB 0x000000070c400000| Untracked |  0
|   8|0x000000070c600000, 0x000000070c800000, 0x000000070c800000|100%| O|  |TAMS 0x000000070c600000| PB 0x000000070c600000| Untracked |  0
|   9|0x000000070c800000, 0x000000070ca00000, 0x000000070ca00000|100%| O|  |TAMS 0x000000070c800000| PB 0x000000070c800000| Untracked |  0
|  10|0x000000070ca00000, 0x000000070cc00000, 0x000000070cc00000|100%| O|  |TAMS 0x000000070ca00000| PB 0x000000070ca00000| Untracked |  0
|  11|0x000000070cc00000, 0x000000070ce00000, 0x000000070ce00000|100%| O|  |TAMS 0x000000070cc00000| PB 0x000000070cc00000| Untracked |  0
|  12|0x000000070ce00000, 0x000000070d000000, 0x000000070d000000|100%| O|  |TAMS 0x000000070ce00000| PB 0x000000070ce00000| Untracked |  0
|  13|0x000000070d000000, 0x000000070d200000, 0x000000070d200000|100%| O|  |TAMS 0x000000070d000000| PB 0x000000070d000000| Untracked |  0
|  14|0x000000070d200000, 0x000000070d400000, 0x000000070d400000|100%| O|  |TAMS 0x000000070d200000| PB 0x000000070d200000| Untracked |  0
|  15|0x000000070d400000, 0x000000070d600000, 0x000000070d600000|100%| O|  |TAMS 0x000000070d400000| PB 0x000000070d400000| Untracked |  0
|  16|0x000000070d600000, 0x000000070d800000, 0x000000070d800000|100%| O|  |TAMS 0x000000070d600000| PB 0x000000070d600000| Untracked |  0
|  17|0x000000070d800000, 0x000000070da00000, 0x000000070da00000|100%| O|  |TAMS 0x000000070d800000| PB 0x000000070d800000| Untracked |  0
|  18|0x000000070da00000, 0x000000070dc00000, 0x000000070dc00000|100%| O|  |TAMS 0x000000070da00000| PB 0x000000070da00000| Untracked |  0
|  19|0x000000070dc00000, 0x000000070de00000, 0x000000070de00000|100%| O|  |TAMS 0x000000070dc00000| PB 0x000000070dc00000| Untracked |  0
|  20|0x000000070de00000, 0x000000070e000000, 0x000000070e000000|100%| O|  |TAMS 0x000000070de00000| PB 0x000000070de00000| Untracked |  0
|  21|0x000000070e000000, 0x000000070e200000, 0x000000070e200000|100%| O|  |TAMS 0x000000070e000000| PB 0x000000070e000000| Untracked |  0
|  22|0x000000070e200000, 0x000000070e400000, 0x000000070e400000|100%| O|  |TAMS 0x000000070e200000| PB 0x000000070e200000| Untracked |  0
|  23|0x000000070e400000, 0x000000070e600000, 0x000000070e600000|100%| O|  |TAMS 0x000000070e400000| PB 0x000000070e400000| Untracked |  0
|  24|0x000000070e600000, 0x000000070e800000, 0x000000070e800000|100%| O|  |TAMS 0x000000070e600000| PB 0x000000070e600000| Untracked |  0
|  25|0x000000070e800000, 0x000000070ea00000, 0x000000070ea00000|100%| O|  |TAMS 0x000000070e800000| PB 0x000000070e800000| Untracked |  0
|  26|0x000000070ea00000, 0x000000070ec00000, 0x000000070ec00000|100%| O|  |TAMS 0x000000070ea00000| PB 0x000000070ea00000| Untracked |  0
|  27|0x000000070ec00000, 0x000000070ee00000, 0x000000070ee00000|100%| O|  |TAMS 0x000000070ec00000| PB 0x000000070ec00000| Untracked |  0
|  28|0x000000070ee00000, 0x000000070eec3770, 0x000000070f000000| 38%| O|  |TAMS 0x000000070ee00000| PB 0x000000070ee00000| Untracked |  0
|  29|0x000000070f000000, 0x000000070f000000, 0x000000070f200000|  0%| F|  |TAMS 0x000000070f000000| PB 0x000000070f000000| Untracked |  0
|  30|0x000000070f200000, 0x000000070f200000, 0x000000070f400000|  0%| F|  |TAMS 0x000000070f200000| PB 0x000000070f200000| Untracked |  0
|  31|0x000000070f400000, 0x000000070f400000, 0x000000070f600000|  0%| F|  |TAMS 0x000000070f400000| PB 0x000000070f400000| Untracked |  0
|  32|0x000000070f600000, 0x000000070f600000, 0x000000070f800000|  0%| F|  |TAMS 0x000000070f600000| PB 0x000000070f600000| Untracked |  0
|  33|0x000000070f800000, 0x000000070f800000, 0x000000070fa00000|  0%| F|  |TAMS 0x000000070f800000| PB 0x000000070f800000| Untracked |  0
|  34|0x000000070fa00000, 0x000000070fa00000, 0x000000070fc00000|  0%| F|  |TAMS 0x000000070fa00000| PB 0x000000070fa00000| Untracked |  0
|  35|0x000000070fc00000, 0x000000070fc00000, 0x000000070fe00000|  0%| F|  |TAMS 0x000000070fc00000| PB 0x000000070fc00000| Untracked |  0
|  36|0x000000070fe00000, 0x000000070fe00000, 0x0000000710000000|  0%| F|  |TAMS 0x000000070fe00000| PB 0x000000070fe00000| Untracked |  0
|  37|0x0000000710000000, 0x0000000710000000, 0x0000000710200000|  0%| F|  |TAMS 0x0000000710000000| PB 0x0000000710000000| Untracked |  0
|  38|0x0000000710200000, 0x0000000710200000, 0x0000000710400000|  0%| F|  |TAMS 0x0000000710200000| PB 0x0000000710200000| Untracked |  0
|  39|0x0000000710400000, 0x0000000710400000, 0x0000000710600000|  0%| F|  |TAMS 0x0000000710400000| PB 0x0000000710400000| Untracked |  0
|  40|0x0000000710600000, 0x0000000710600000, 0x0000000710800000|  0%| F|  |TAMS 0x0000000710600000| PB 0x0000000710600000| Untracked |  0
|  41|0x0000000710800000, 0x0000000710800000, 0x0000000710a00000|  0%| F|  |TAMS 0x0000000710800000| PB 0x0000000710800000| Untracked |  0
|  42|0x0000000710a00000, 0x0000000710a00000, 0x0000000710c00000|  0%| F|  |TAMS 0x0000000710a00000| PB 0x0000000710a00000| Untracked |  0
|  43|0x0000000710c00000, 0x0000000710c00000, 0x0000000710e00000|  0%| F|  |TAMS 0x0000000710c00000| PB 0x0000000710c00000| Untracked |  0
|  44|0x0000000710e00000, 0x0000000710e00000, 0x0000000711000000|  0%| F|  |TAMS 0x0000000710e00000| PB 0x0000000710e00000| Untracked |  0
|  45|0x0000000711000000, 0x0000000711000000, 0x0000000711200000|  0%| F|  |TAMS 0x0000000711000000| PB 0x0000000711000000| Untracked |  0
|  46|0x0000000711200000, 0x0000000711200000, 0x0000000711400000|  0%| F|  |TAMS 0x0000000711200000| PB 0x0000000711200000| Untracked |  0
|  47|0x0000000711400000, 0x0000000711400000, 0x0000000711600000|  0%| F|  |TAMS 0x0000000711400000| PB 0x0000000711400000| Untracked |  0
|  48|0x0000000711600000, 0x0000000711600000, 0x0000000711800000|  0%| F|  |TAMS 0x0000000711600000| PB 0x0000000711600000| Untracked |  0
|  49|0x0000000711800000, 0x0000000711800000, 0x0000000711a00000|  0%| F|  |TAMS 0x0000000711800000| PB 0x0000000711800000| Untracked |  0
|  50|0x0000000711a00000, 0x0000000711a00000, 0x0000000711c00000|  0%| F|  |TAMS 0x0000000711a00000| PB 0x0000000711a00000| Untracked |  0
|  51|0x0000000711c00000, 0x0000000711c00000, 0x0000000711e00000|  0%| F|  |TAMS 0x0000000711c00000| PB 0x0000000711c00000| Untracked |  0
|  52|0x0000000711e00000, 0x0000000711e00000, 0x0000000712000000|  0%| F|  |TAMS 0x0000000711e00000| PB 0x0000000711e00000| Untracked |  0
|  53|0x0000000712000000, 0x0000000712000000, 0x0000000712200000|  0%| F|  |TAMS 0x0000000712000000| PB 0x0000000712000000| Untracked |  0
|  54|0x0000000712200000, 0x0000000712200000, 0x0000000712400000|  0%| F|  |TAMS 0x0000000712200000| PB 0x0000000712200000| Untracked |  0
|  55|0x0000000712400000, 0x0000000712400000, 0x0000000712600000|  0%| F|  |TAMS 0x0000000712400000| PB 0x0000000712400000| Untracked |  0
|  56|0x0000000712600000, 0x0000000712600000, 0x0000000712800000|  0%| F|  |TAMS 0x0000000712600000| PB 0x0000000712600000| Untracked |  0
|  57|0x0000000712800000, 0x0000000712800000, 0x0000000712a00000|  0%| F|  |TAMS 0x0000000712800000| PB 0x0000000712800000| Untracked |  0
|  58|0x0000000712a00000, 0x0000000712a00000, 0x0000000712c00000|  0%| F|  |TAMS 0x0000000712a00000| PB 0x0000000712a00000| Untracked |  0
|  59|0x0000000712c00000, 0x0000000712c00000, 0x0000000712e00000|  0%| F|  |TAMS 0x0000000712c00000| PB 0x0000000712c00000| Untracked |  0
|  60|0x0000000712e00000, 0x0000000712e00000, 0x0000000713000000|  0%| F|  |TAMS 0x0000000712e00000| PB 0x0000000712e00000| Untracked |  0
|  61|0x0000000713000000, 0x0000000713000000, 0x0000000713200000|  0%| F|  |TAMS 0x0000000713000000| PB 0x0000000713000000| Untracked |  0
|  62|0x0000000713200000, 0x0000000713200000, 0x0000000713400000|  0%| F|  |TAMS 0x0000000713200000| PB 0x0000000713200000| Untracked |  0
|  63|0x0000000713400000, 0x0000000713600000, 0x0000000713600000|100%| S|CS|TAMS 0x0000000713400000| PB 0x0000000713400000| Complete |  0
|  64|0x0000000713600000, 0x0000000713600000, 0x0000000713800000|  0%| F|  |TAMS 0x0000000713600000| PB 0x0000000713600000| Untracked |  0
|  65|0x0000000713800000, 0x0000000713800000, 0x0000000713a00000|  0%| F|  |TAMS 0x0000000713800000| PB 0x0000000713800000| Untracked |  0
|  66|0x0000000713a00000, 0x0000000713a00000, 0x0000000713c00000|  0%| F|  |TAMS 0x0000000713a00000| PB 0x0000000713a00000| Untracked |  0
|  67|0x0000000713c00000, 0x0000000713c00000, 0x0000000713e00000|  0%| F|  |TAMS 0x0000000713c00000| PB 0x0000000713c00000| Untracked |  0
|  68|0x0000000713e00000, 0x0000000713e00000, 0x0000000714000000|  0%| F|  |TAMS 0x0000000713e00000| PB 0x0000000713e00000| Untracked |  0
|  69|0x0000000714000000, 0x0000000714000000, 0x0000000714200000|  0%| F|  |TAMS 0x0000000714000000| PB 0x0000000714000000| Untracked |  0
|  70|0x0000000714200000, 0x0000000714200000, 0x0000000714400000|  0%| F|  |TAMS 0x0000000714200000| PB 0x0000000714200000| Untracked |  0
|  71|0x0000000714400000, 0x0000000714600000, 0x0000000714600000|100%| S|CS|TAMS 0x0000000714400000| PB 0x0000000714400000| Complete |  0
|  72|0x0000000714600000, 0x0000000714800000, 0x0000000714800000|100%| S|CS|TAMS 0x0000000714600000| PB 0x0000000714600000| Complete |  0
|  73|0x0000000714800000, 0x0000000714a00000, 0x0000000714a00000|100%| S|CS|TAMS 0x0000000714800000| PB 0x0000000714800000| Complete |  0
|  74|0x0000000714a00000, 0x0000000714c00000, 0x0000000714c00000|100%| S|CS|TAMS 0x0000000714a00000| PB 0x0000000714a00000| Complete |  0
|  75|0x0000000714c00000, 0x0000000714e00000, 0x0000000714e00000|100%| S|CS|TAMS 0x0000000714c00000| PB 0x0000000714c00000| Complete |  0
|  76|0x0000000714e00000, 0x0000000715000000, 0x0000000715000000|100%| S|CS|TAMS 0x0000000714e00000| PB 0x0000000714e00000| Complete |  0
|  77|0x0000000715000000, 0x0000000715000000, 0x0000000715200000|  0%| F|  |TAMS 0x0000000715000000| PB 0x0000000715000000| Untracked |  0
|  78|0x0000000715200000, 0x0000000715200000, 0x0000000715400000|  0%| F|  |TAMS 0x0000000715200000| PB 0x0000000715200000| Untracked |  0
|  79|0x0000000715400000, 0x0000000715400000, 0x0000000715600000|  0%| F|  |TAMS 0x0000000715400000| PB 0x0000000715400000| Untracked |  0
|  80|0x0000000715600000, 0x0000000715600000, 0x0000000715800000|  0%| F|  |TAMS 0x0000000715600000| PB 0x0000000715600000| Untracked |  0
|  81|0x0000000715800000, 0x0000000715800000, 0x0000000715a00000|  0%| F|  |TAMS 0x0000000715800000| PB 0x0000000715800000| Untracked |  0
|  82|0x0000000715a00000, 0x0000000715a00000, 0x0000000715c00000|  0%| F|  |TAMS 0x0000000715a00000| PB 0x0000000715a00000| Untracked |  0
|  83|0x0000000715c00000, 0x0000000715c00000, 0x0000000715e00000|  0%| F|  |TAMS 0x0000000715c00000| PB 0x0000000715c00000| Untracked |  0
|  84|0x0000000715e00000, 0x0000000715e00000, 0x0000000716000000|  0%| F|  |TAMS 0x0000000715e00000| PB 0x0000000715e00000| Untracked |  0
|  85|0x0000000716000000, 0x0000000716000000, 0x0000000716200000|  0%| F|  |TAMS 0x0000000716000000| PB 0x0000000716000000| Untracked |  0
|  86|0x0000000716200000, 0x0000000716200000, 0x0000000716400000|  0%| F|  |TAMS 0x0000000716200000| PB 0x0000000716200000| Untracked |  0
|  87|0x0000000716400000, 0x0000000716400000, 0x0000000716600000|  0%| F|  |TAMS 0x0000000716400000| PB 0x0000000716400000| Untracked |  0
|  88|0x0000000716600000, 0x0000000716600000, 0x0000000716800000|  0%| F|  |TAMS 0x0000000716600000| PB 0x0000000716600000| Untracked |  0
|  89|0x0000000716800000, 0x0000000716800000, 0x0000000716a00000|  0%| F|  |TAMS 0x0000000716800000| PB 0x0000000716800000| Untracked |  0
|  90|0x0000000716a00000, 0x0000000716a00000, 0x0000000716c00000|  0%| F|  |TAMS 0x0000000716a00000| PB 0x0000000716a00000| Untracked |  0
|  91|0x0000000716c00000, 0x0000000716c00000, 0x0000000716e00000|  0%| F|  |TAMS 0x0000000716c00000| PB 0x0000000716c00000| Untracked |  0
|  92|0x0000000716e00000, 0x0000000716e00000, 0x0000000717000000|  0%| F|  |TAMS 0x0000000716e00000| PB 0x0000000716e00000| Untracked |  0
|  93|0x0000000717000000, 0x0000000717000000, 0x0000000717200000|  0%| F|  |TAMS 0x0000000717000000| PB 0x0000000717000000| Untracked |  0
|  94|0x0000000717200000, 0x0000000717200000, 0x0000000717400000|  0%| F|  |TAMS 0x0000000717200000| PB 0x0000000717200000| Untracked |  0
|  95|0x0000000717400000, 0x0000000717400000, 0x0000000717600000|  0%| F|  |TAMS 0x0000000717400000| PB 0x0000000717400000| Untracked |  0
|  96|0x0000000717600000, 0x0000000717600000, 0x0000000717800000|  0%| F|  |TAMS 0x0000000717600000| PB 0x0000000717600000| Untracked |  0
|  97|0x0000000717800000, 0x0000000717800000, 0x0000000717a00000|  0%| F|  |TAMS 0x0000000717800000| PB 0x0000000717800000| Untracked |  0
|  98|0x0000000717a00000, 0x0000000717a00000, 0x0000000717c00000|  0%| F|  |TAMS 0x0000000717a00000| PB 0x0000000717a00000| Untracked |  0
|  99|0x0000000717c00000, 0x0000000717d81108, 0x0000000717e00000| 75%| E|  |TAMS 0x0000000717c00000| PB 0x0000000717c00000| Complete |  0
| 100|0x0000000717e00000, 0x0000000718000000, 0x0000000718000000|100%| E|CS|TAMS 0x0000000717e00000| PB 0x0000000717e00000| Complete |  0
| 101|0x0000000718000000, 0x0000000718200000, 0x0000000718200000|100%| E|CS|TAMS 0x0000000718000000| PB 0x0000000718000000| Complete |  0
| 102|0x0000000718200000, 0x0000000718400000, 0x0000000718400000|100%| E|CS|TAMS 0x0000000718200000| PB 0x0000000718200000| Complete |  0
| 103|0x0000000718400000, 0x0000000718600000, 0x0000000718600000|100%| E|CS|TAMS 0x0000000718400000| PB 0x0000000718400000| Complete |  0
| 104|0x0000000718600000, 0x0000000718800000, 0x0000000718800000|100%| E|CS|TAMS 0x0000000718600000| PB 0x0000000718600000| Complete |  0
| 105|0x0000000718800000, 0x0000000718a00000, 0x0000000718a00000|100%| E|CS|TAMS 0x0000000718800000| PB 0x0000000718800000| Complete |  0
| 106|0x0000000718a00000, 0x0000000718c00000, 0x0000000718c00000|100%| E|CS|TAMS 0x0000000718a00000| PB 0x0000000718a00000| Complete |  0
| 107|0x0000000718c00000, 0x0000000718e00000, 0x0000000718e00000|100%| E|CS|TAMS 0x0000000718c00000| PB 0x0000000718c00000| Complete |  0
| 108|0x0000000718e00000, 0x0000000719000000, 0x0000000719000000|100%| E|CS|TAMS 0x0000000718e00000| PB 0x0000000718e00000| Complete |  0
| 109|0x0000000719000000, 0x0000000719200000, 0x0000000719200000|100%| E|CS|TAMS 0x0000000719000000| PB 0x0000000719000000| Complete |  0
| 110|0x0000000719200000, 0x0000000719400000, 0x0000000719400000|100%| E|CS|TAMS 0x0000000719200000| PB 0x0000000719200000| Complete |  0
| 111|0x0000000719400000, 0x0000000719600000, 0x0000000719600000|100%| E|CS|TAMS 0x0000000719400000| PB 0x0000000719400000| Complete |  0
| 112|0x0000000719600000, 0x0000000719800000, 0x0000000719800000|100%| E|CS|TAMS 0x0000000719600000| PB 0x0000000719600000| Complete |  0
| 113|0x0000000719800000, 0x0000000719a00000, 0x0000000719a00000|100%| E|CS|TAMS 0x0000000719800000| PB 0x0000000719800000| Complete |  0
| 114|0x0000000719a00000, 0x0000000719c00000, 0x0000000719c00000|100%| E|CS|TAMS 0x0000000719a00000| PB 0x0000000719a00000| Complete |  0
| 115|0x0000000719c00000, 0x0000000719e00000, 0x0000000719e00000|100%| E|CS|TAMS 0x0000000719c00000| PB 0x0000000719c00000| Complete |  0
| 116|0x0000000719e00000, 0x000000071a000000, 0x000000071a000000|100%| E|CS|TAMS 0x0000000719e00000| PB 0x0000000719e00000| Complete |  0
| 117|0x000000071a000000, 0x000000071a200000, 0x000000071a200000|100%| E|CS|TAMS 0x000000071a000000| PB 0x000000071a000000| Complete |  0
| 118|0x000000071a200000, 0x000000071a400000, 0x000000071a400000|100%| E|CS|TAMS 0x000000071a200000| PB 0x000000071a200000| Complete |  0
| 119|0x000000071a400000, 0x000000071a600000, 0x000000071a600000|100%| E|CS|TAMS 0x000000071a400000| PB 0x000000071a400000| Complete |  0
| 120|0x000000071a600000, 0x000000071a800000, 0x000000071a800000|100%| E|CS|TAMS 0x000000071a600000| PB 0x000000071a600000| Complete |  0
| 121|0x000000071a800000, 0x000000071aa00000, 0x000000071aa00000|100%| E|CS|TAMS 0x000000071a800000| PB 0x000000071a800000| Complete |  0
| 122|0x000000071aa00000, 0x000000071ac00000, 0x000000071ac00000|100%| E|CS|TAMS 0x000000071aa00000| PB 0x000000071aa00000| Complete |  0
|1956|0x00000007ffe00000, 0x00000007fff256a0, 0x0000000800000000| 57%| O|  |TAMS 0x00000007ffe00000| PB 0x00000007ffe00000| Untracked |  0

Card table byte_map: [0x00000119df920000,0x00000119e00d0000] _byte_map_base: 0x00000119dc0c5000

Marking Bits: (CMBitMap*) 0x00000119c71027b0
 Bits: [0x00000119e00d0000, 0x00000119e3df8000)

Polling page: 0x00000119c51e0000

Metaspace:
Metaspace        used 16342K, committed 16512K, reserved 1114112K
 class space     used 1509K, committed 1600K, reserved 1048576K

Usage:
  Non-class:     14.48 MB used.
      Class:      1.47 MB used.
       Both:     15.96 MB used.

Virtual space:
  Non-class space:       64.00 MB reserved,      14.56 MB ( 23%) committed,  1 nodes.
      Class space:        1.00 GB reserved,       1.56 MB ( <1%) committed,  1 nodes.
             Both:        1.06 GB reserved,      16.12 MB (  1%) committed. 

Chunk freelists:
   Non-Class:  577.00 KB
       Class:  14.32 MB
        Both:  14.89 MB

MaxMetaspaceSize: unlimited
CompressedClassSpaceSize: 1.00 GB
Initial GC threshold: 21.00 MB
Current GC threshold: 21.00 MB
CDS: on
 - commit_granule_bytes: 65536.
 - commit_granule_words: 8192.
 - virtual_space_node_default_size: 8388608.
 - enlarge_chunks_in_place: 1.
UseCompressedClassPointers 1, UseCompactObjectHeaders 0
Narrow klass pointer bits 32, Max shift 3
Narrow klass base: 0x000000000f000000, Narrow klass shift: 0
Encoding Range: [0x000000000f000000 - 0x000000010f000000), (4294967296 bytes)
Klass Range:    [0x000000000f010000 - 0x0000000050000000), (1090453504 bytes)
Klass ID Range:  [65536 - 1090519033) (1090453497)
Protection zone: [0x000000000f000000 - 0x000000000f010000), (65536 bytes)


Internal statistics:

num_allocs_failed_limit: 0.
num_arena_births: 132.
num_arena_deaths: 0.
num_vsnodes_births: 2.
num_vsnodes_deaths: 0.
num_space_committed: 257.
num_space_uncommitted: 0.
num_chunks_returned_to_freelist: 0.
num_chunks_taken_from_freelist: 524.
num_chunk_merges: 0.
num_chunk_splits: 348.
num_chunks_enlarged: 256.
num_inconsistent_stats: 0.

CodeHeap 'non-profiled nmethods': size=119232Kb used=1482Kb max_used=1482Kb free=117749Kb
 bounds [0x00000119d7480000, 0x00000119d76f0000, 0x00000119de8f0000]
CodeHeap 'profiled nmethods': size=119104Kb used=5696Kb max_used=5696Kb free=113407Kb
 bounds [0x00000119cf8f0000, 0x00000119cfe90000, 0x00000119d6d40000]
CodeHeap 'non-nmethods': size=7424Kb used=2195Kb max_used=3381Kb free=5228Kb
 bounds [0x00000119d6d40000, 0x00000119d70a0000, 0x00000119d7480000]
CodeCache: size=245760Kb, used=9373Kb, max_used=10559Kb, free=236384Kb
 total_blobs=4095, nmethods=3487, adapters=509, full_count=0
Compilation: enabled, stopped_count=0, restarted_count=0

Compilation events (20 events):
Event: 48.275 Thread 0x00000119eb0ba490 3375       3       com.google.common.collect.Sets::newHashSetWithExpectedSize (12 bytes)
Event: 48.275 Thread 0x00000119eb0baca0 3378       4       java.util.stream.Sink$ChainedReference::end (10 bytes)
Event: 48.275 Thread 0x00000119eb0b6410 nmethod 3374 0x00000119cfe53508 code [0x00000119cfe53620, 0x00000119cfe53b50]
Event: 48.275 Thread 0x00000119c4d0ad20 nmethod 3373 0x00000119cfe53b88 code [0x00000119cfe53ca0, 0x00000119cfe54258]
Event: 48.275 Thread 0x00000119eb0ba490 nmethod 3375 0x00000119cfe54288 code [0x00000119cfe543a0, 0x00000119cfe54818]
Event: 48.275 Thread 0x00000119c4d0ad20 3376       3       com.google.common.collect.Maps::capacity (36 bytes)
Event: 48.275 Thread 0x00000119eb0b6410 3379   !   3       java.io.StringReader::read (30 bytes)
Event: 48.275 Thread 0x00000119eb0ba490 3380       3       java.io.Reader$2::read (89 bytes)
Event: 48.276 Thread 0x00000119c4d0ad20 nmethod 3376 0x00000119cfe54888 code [0x00000119cfe549a0, 0x00000119cfe54c30]
Event: 48.276 Thread 0x00000119c4d0ad20 3381       3       java.io.Reader$2::ensureOpen (18 bytes)
Event: 48.276 Thread 0x00000119eb0baca0 nmethod 3378 0x00000119d75d7188 code [0x00000119d75d7280, 0x00000119d75d7328]
Event: 48.276 Thread 0x00000119eb0b6410 nmethod 3379 0x00000119cfe54c88 code [0x00000119cfe54d80, 0x00000119cfe550d0]
Event: 48.276 Thread 0x00000119c4d0ad20 nmethod 3381 0x00000119cfe55108 code [0x00000119cfe55200, 0x00000119cfe55400]
Event: 48.276 Thread 0x00000119eb0ba490 nmethod 3380 0x00000119cfe55408 code [0x00000119cfe55500, 0x00000119cfe55c48]
Event: 48.276 Thread 0x00000119eb0b6c20 nmethod 3370 0x00000119cfe55c88 code [0x00000119cfe55d80, 0x00000119cfe5b920]
Event: 48.277 Thread 0x00000119eb0ba490 3382       1       org.languagetool.rules.patterns.StringMatcher$5::unknown (5 bytes)
Event: 48.277 Thread 0x00000119eb0ba490 nmethod 3382 0x00000119d75d7488 code [0x00000119d75d7580, 0x00000119d75d7648]
Event: 48.277 Thread 0x00000119eb0b6c20 3383       1       org.languagetool.rules.patterns.AbstractPatternRule::setStartPositionCorrection (6 bytes)
Event: 48.277 Thread 0x00000119eb0b6410 3384       1       org.languagetool.rules.patterns.AbstractPatternRule::setEndPositionCorrection (6 bytes)
Event: 48.277 Thread 0x00000119eb0b6c20 nmethod 3383 0x00000119d75d7788 code [0x00000119d75d7880, 0x00000119d75d7948]

GC Heap Usage History (6 events):
Event: 1.212 {heap Before GC invocations=0 (full 0):
 garbage-first heap   total reserved 4007936K, committed 253952K, used 48277K [0x000000070b600000, 0x0000000800000000)
  region size 2048K, 24 young (49152K), 0 survivors (0K)
}
Event: 1.221 {heap After GC invocations=1 (full 0):
 garbage-first heap   total reserved 4007936K, committed 253952K, used 13544K [0x000000070b600000, 0x0000000800000000)
  region size 2048K, 3 young (6144K), 3 survivors (6144K)
}
Event: 1.500 {heap Before GC invocations=1 (full 0):
 garbage-first heap   total reserved 4007936K, committed 253952K, used 120040K [0x000000070b600000, 0x0000000800000000)
  region size 2048K, 52 young (106496K), 3 survivors (6144K)
}
Event: 1.530 {heap After GC invocations=2 (full 0):
 garbage-first heap   total reserved 4007936K, committed 253952K, used 54421K [0x000000070b600000, 0x0000000800000000)
  region size 2048K, 7 young (14336K), 7 survivors (14336K)
}
Event: 2.006 {heap Before GC invocations=2 (full 0):
 garbage-first heap   total reserved 4007936K, committed 253952K, used 146581K [0x000000070b600000, 0x0000000800000000)
  region size 2048K, 53 young (108544K), 7 survivors (14336K)
}
Event: 2.033 {heap After GC invocations=3 (full 0):
 garbage-first heap   total reserved 4007936K, committed 253952K, used 73635K [0x000000070b600000, 0x0000000800000000)
  region size 2048K, 7 young (14336K), 7 survivors (14336K)
}

Metaspace Usage History (6 events):
Event: 1.212 {metaspace Before GC invocations=0 (full 0):
 Metaspace       used 9893K, committed 10048K, reserved 1114112K
  class space    used 963K, committed 1024K, reserved 1048576K
}
Event: 1.222 {metaspace After GC invocations=1 (full 0):
 Metaspace       used 9893K, committed 10048K, reserved 1114112K
  class space    used 963K, committed 1024K, reserved 1048576K
}
Event: 1.500 {metaspace Before GC invocations=1 (full 0):
 Metaspace       used 10035K, committed 10176K, reserved 1114112K
  class space    used 972K, committed 1024K, reserved 1048576K
}
Event: 1.530 {metaspace After GC invocations=2 (full 0):
 Metaspace       used 10035K, committed 10176K, reserved 1114112K
  class space    used 972K, committed 1024K, reserved 1048576K
}
Event: 2.006 {metaspace Before GC invocations=2 (full 0):
 Metaspace       used 11693K, committed 11840K, reserved 1114112K
  class space    used 1123K, committed 1216K, reserved 1048576K
}
Event: 2.033 {metaspace After GC invocations=3 (full 0):
 Metaspace       used 11693K, committed 11840K, reserved 1114112K
  class space    used 1123K, committed 1216K, reserved 1048576K
}

Dll operation events (7 events):
Event: 0.011 Loaded shared library C:\Program Files\Java\jdk-25\bin\java.dll
Event: 0.050 Loaded shared library C:\Program Files\Java\jdk-25\bin\net.dll
Event: 0.054 Loaded shared library C:\Program Files\Java\jdk-25\bin\nio.dll
Event: 0.061 Loaded shared library C:\Program Files\Java\jdk-25\bin\zip.dll
Event: 0.086 Loaded shared library C:\Program Files\Java\jdk-25\bin\jimage.dll
Event: 1.972 Loaded shared library C:\Program Files\Java\jdk-25\bin\extnet.dll
Event: 2.047 Loaded shared library C:\Program Files\Java\jdk-25\bin\sunmscapi.dll

Deoptimization events (20 events):
Event: 48.254 Thread 0x00000119e6305550 Uncommon trap: trap_request=0xffffff45 fr.pc=0x00000119d75b8c80 relative=0x0000000000000080
Event: 48.254 Thread 0x00000119e6305550 Uncommon trap: reason=unstable_if action=reinterpret pc=0x00000119d75b8c80 method=java.lang.StringUTF16.trim([B)Ljava/lang/String; @ 44 c2
Event: 48.254 Thread 0x00000119e6305550 DEOPT PACKING pc=0x00000119d75b8c80 sp=0x00000001c9bfdb50
Event: 48.254 Thread 0x00000119e6305550 DEOPT UNPACKING pc=0x00000119d6e70d02 sp=0x00000001c9bfda78 mode 2
Event: 48.254 Thread 0x00000119e6305550 Uncommon trap: trap_request=0xffffff45 fr.pc=0x00000119d755161c relative=0x000000000000009c
Event: 48.254 Thread 0x00000119e6305550 Uncommon trap: reason=unstable_if action=reinterpret pc=0x00000119d755161c method=java.lang.StringUTF16.trim([B)Ljava/lang/String; @ 44 c2
Event: 48.254 Thread 0x00000119e6305550 DEOPT PACKING pc=0x00000119d755161c sp=0x00000001c9bfda60
Event: 48.254 Thread 0x00000119e6305550 DEOPT UNPACKING pc=0x00000119d6e70d02 sp=0x00000001c9bfd9d8 mode 2
Event: 48.256 Thread 0x00000119e6305550 Uncommon trap: trap_request=0xffffff45 fr.pc=0x00000119d75b0624 relative=0x0000000000000ba4
Event: 48.256 Thread 0x00000119e6305550 Uncommon trap: reason=unstable_if action=reinterpret pc=0x00000119d75b0624 method=org.languagetool.rules.patterns.PatternRuleHandler.characters([CII)V @ 156 c2
Event: 48.256 Thread 0x00000119e6305550 DEOPT PACKING pc=0x00000119d75b0624 sp=0x00000001c9bfe220
Event: 48.256 Thread 0x00000119e6305550 DEOPT UNPACKING pc=0x00000119d6e70d02 sp=0x00000001c9bfe110 mode 2
Event: 48.264 Thread 0x00000119e6305550 Uncommon trap: trap_request=0xffffff45 fr.pc=0x00000119d75acabc relative=0x000000000000043c
Event: 48.264 Thread 0x00000119e6305550 Uncommon trap: reason=unstable_if action=reinterpret pc=0x00000119d75acabc method=java.lang.StringLatin1.compareToCI([B[B)I @ 68 c2
Event: 48.264 Thread 0x00000119e6305550 DEOPT PACKING pc=0x00000119d75acabc sp=0x00000001c9bfd480
Event: 48.264 Thread 0x00000119e6305550 DEOPT UNPACKING pc=0x00000119d6e70d02 sp=0x00000001c9bfd3f8 mode 2
Event: 48.266 Thread 0x00000119e6305550 Uncommon trap: trap_request=0xffffffcc fr.pc=0x00000119d75d359c relative=0x000000000000039c
Event: 48.266 Thread 0x00000119e6305550 Uncommon trap: reason=intrinsic_or_type_checked_inlining action=make_not_entrant pc=0x00000119d75d359c method=java.util.Arrays.copyOf([Ljava/lang/Object;ILjava/lang/Class;)[Ljava/lang/Object; @ 35 c2
Event: 48.266 Thread 0x00000119e6305550 DEOPT PACKING pc=0x00000119d75d359c sp=0x00000001c9bfda50
Event: 48.266 Thread 0x00000119e6305550 DEOPT UNPACKING pc=0x00000119d6e70d02 sp=0x00000001c9bfd9f8 mode 2

Classes loaded (20 events):
Event: 47.961 Loading class java/math/BigDecimal
Event: 47.962 Loading class java/math/BigDecimal done
Event: 47.978 Loading class sun/text/resources/cldr/FormatData_en_US
Event: 47.978 Loading class sun/text/resources/cldr/FormatData_en_US done
Event: 47.992 Loading class com/sun/org/apache/xerces/internal/impl/dtd/DTDGrammar
Event: 47.993 Loading class com/sun/org/apache/xerces/internal/impl/dtd/DTDGrammar done
Event: 47.993 Loading class com/sun/org/apache/xerces/internal/impl/dtd/models/ContentModelValidator
Event: 47.993 Loading class com/sun/org/apache/xerces/internal/impl/dtd/models/ContentModelValidator done
Event: 47.993 Loading class com/sun/org/apache/xerces/internal/impl/dtd/XMLContentSpec
Event: 47.994 Loading class com/sun/org/apache/xerces/internal/impl/dtd/XMLContentSpec done
Event: 47.994 Loading class com/sun/org/apache/xerces/internal/impl/XMLDocumentScannerImpl$DTDDriver
Event: 47.994 Loading class com/sun/org/apache/xerces/internal/impl/XMLDocumentScannerImpl$DTDDriver done
Event: 47.994 Loading class com/sun/xml/internal/stream/Entity$InternalEntity
Event: 47.994 Loading class com/sun/xml/internal/stream/Entity$InternalEntity done
Event: 48.009 Loading class java/util/function/UnaryOperator
Event: 48.009 Loading class java/util/function/UnaryOperator done
Event: 48.036 Loading class java/io/Reader$2
Event: 48.036 Loading class java/io/Reader$2 done
Event: 48.088 Loading class java/lang/invoke/MethodHandle$1
Event: 48.088 Loading class java/lang/invoke/MethodHandle$1 done

Classes unloaded (0 events):
No events

Classes redefined (0 events):
No events

Internal exceptions (20 events):
Event: 0.521 Thread 0x00000119c4d21f70 Exception <a 'java/lang/NoSuchMethodError'{0x0000000719c79738}: 'void java.lang.invoke.DirectMethodHandle$Holder.invokeSpecial(java.lang.Object, java.lang.Object, java.lang.Object)'> (0x0000000719c79738) 
thrown [s\open\src\hotspot\share\interpreter\linkResolver.cpp, line 804]
Event: 0.556 Thread 0x00000119c4d21f70 Exception <a 'java/lang/NoSuchMethodError'{0x0000000719d6fd30}: 'int java.lang.invoke.DirectMethodHandle$Holder.invokeVirtual(java.lang.Object, java.lang.Object, java.lang.Object, java.lang.Object)'> (0x0000000719d6fd30) 
thrown [s\open\src\hotspot\share\interpreter\linkResolver.cpp, line 804]
Event: 0.855 Thread 0x00000119c4d21f70 Exception <a 'java/lang/ClassNotFoundException'{0x0000000719103ab8}: com/sun/org/apache/xerces/internal/impl/xpath/regex/spi/messageProvider> (0x0000000719103ab8) 
thrown [s\open\src\hotspot\share\classfile\systemDictionary.cpp, line 327]
Event: 1.080 Thread 0x00000119c4d21f70 Exception <a 'java/lang/IncompatibleClassChangeError'{0x0000000718d91040}: Found class java.lang.Object, but interface was expected> (0x0000000718d91040) 
thrown [s\open\src\hotspot\share\interpreter\linkResolver.cpp, line 871]
Event: 1.991 Thread 0x00000119c4d21f70 Exception <a 'java/lang/NoSuchMethodError'{0x00000007151162e0}: 'java.lang.Object java.lang.invoke.DirectMethodHandle$Holder.invokeStaticInit(java.lang.Object, int, int, int, int)'> (0x00000007151162e0) 
thrown [s\open\src\hotspot\share\interpreter\linkResolver.cpp, line 804]
Event: 2.094 Thread 0x00000119c4d21f70 Exception <a 'java/lang/NoSuchMethodError'{0x000000071a849ea0}: 'java.lang.Object java.lang.invoke.DirectMethodHandle$Holder.invokeStaticInit(java.lang.Object, java.lang.Object, int, int, int, int)'> (0x000000071a849ea0) 
thrown [s\open\src\hotspot\share\interpreter\linkResolver.cpp, line 804]
Event: 2.109 Thread 0x00000119c4d21f70 Exception <a 'java/lang/NoSuchMethodError'{0x000000071a86c618}: 'java.lang.Object java.lang.invoke.DirectMethodHandle$Holder.invokeSpecial(java.lang.Object, java.lang.Object, java.lang.Object, java.lang.Object, java.lang.Object, java.lang.Object, java.lang.Object, int)'> (0x000000071a86c618) 
thrown [s\open\src\hotspot\share\interpreter\linkResolver.cpp, line 804]
Event: 2.110 Thread 0x00000119c4d21f70 Exception <a 'java/lang/NoSuchMethodError'{0x000000071a87d7e0}: 'java.lang.Object java.lang.invoke.DelegatingMethodHandle$Holder.reinvoke_L(java.lang.Object, java.lang.Object, java.lang.Object, java.lang.Object, java.lang.Object, java.lang.Object, java.lang.Object, int)'> (0x000000071a87d7e0) 
thrown [s\open\src\hotspot\share\interpreter\linkResolver.cpp, line 804]
Event: 47.649 Thread 0x00000119eb674e30 Exception <a 'java/lang/NoSuchMethodError'{0x000000071a424f30}: 'java.lang.Object java.lang.invoke.DirectMethodHandle$Holder.invokeSpecialIFC(java.lang.Object, java.lang.Object, java.lang.Object, java.lang.Object)'> (0x000000071a424f30) 
thrown [s\open\src\hotspot\share\interpreter\linkResolver.cpp, line 804]
Event: 47.650 Thread 0x00000119eb674e30 Exception <a 'java/lang/NoSuchMethodError'{0x000000071a435220}: 'java.lang.Object java.lang.invoke.DirectMethodHandle$Holder.invokeVirtual(java.lang.Object, java.lang.Object, java.lang.Object, java.lang.Object)'> (0x000000071a435220) 
thrown [s\open\src\hotspot\share\interpreter\linkResolver.cpp, line 804]
Event: 47.665 Thread 0x00000119eb674e30 Exception <a 'java/lang/NoSuchMethodError'{0x000000071a4bd0e0}: 'int java.lang.invoke.DirectMethodHandle$Holder.invokeStatic(java.lang.Object, java.lang.Object, java.lang.Object, java.lang.Object)'> (0x000000071a4bd0e0) 
thrown [s\open\src\hotspot\share\interpreter\linkResolver.cpp, line 804]
Event: 47.716 Thread 0x00000119eb674e30 Exception <a 'java/lang/NoSuchMethodError'{0x000000071a2dae58}: 'java.lang.Object java.lang.invoke.DirectMethodHandle$Holder.newInvokeSpecial(java.lang.Object, java.lang.Object, java.lang.Object, java.lang.Object, java.lang.Object, java.lang.Object, java.lang.Object)'> (0x000000071a2dae58) 
thrown [s\open\src\hotspot\share\interpreter\linkResolver.cpp, line 804]
Event: 47.746 Thread 0x00000119eb674e30 Exception <a 'java/lang/NoSuchMethodError'{0x000000071a024ae0}: 'java.lang.Object java.lang.invoke.DirectMethodHandle$Holder.newInvokeSpecial(java.lang.Object, java.lang.Object, java.lang.Object, java.lang.Object, java.lang.Object)'> (0x000000071a024ae0) 
thrown [s\open\src\hotspot\share\interpreter\linkResolver.cpp, line 804]
Event: 47.749 Thread 0x00000119eb674e30 Exception <a 'java/lang/NoSuchMethodError'{0x000000071a03b4a8}: 'int java.lang.invoke.DirectMethodHandle$Holder.invokeStaticInit(java.lang.Object, java.lang.Object)'> (0x000000071a03b4a8) 
thrown [s\open\src\hotspot\share\interpreter\linkResolver.cpp, line 804]
Event: 47.753 Thread 0x00000119eb674e30 Exception <a 'java/lang/NoSuchMethodError'{0x000000071a064298}: 'java.lang.Object java.lang.invoke.DirectMethodHandle$Holder.newInvokeSpecial(java.lang.Object, java.lang.Object, java.lang.Object, int, java.lang.Object, java.lang.Object, java.lang.Object, java.lang.Object, java.lang.Object, java.lang.Object, java.lang.Object)'> (0x000000071a064298) 
thrown [s\open\src\hotspot\share\interpreter\linkResolver.cpp, line 804]
Event: 47.757 Thread 0x00000119e6305550 Exception <a 'java/lang/NoSuchMethodError'{0x000000071a0f7c48}: 'java.lang.Object java.lang.invoke.DirectMethodHandle$Holder.newInvokeSpecial(java.lang.Object, java.lang.Object, java.lang.Object, java.lang.Object, java.lang.Object, java.lang.Object, java.lang.Object, java.lang.Object)'> (0x000000071a0f7c48) 
thrown [s\open\src\hotspot\share\interpreter\linkResolver.cpp, line 804]
Event: 47.902 Thread 0x00000119e6305550 Exception <a 'java/lang/NoSuchMethodError'{0x0000000719aca8a8}: 'int java.lang.invoke.DirectMethodHandle$Holder.invokeVirtual(java.lang.Object, java.lang.Object, java.lang.Object)'> (0x0000000719aca8a8) 
thrown [s\open\src\hotspot\share\interpreter\linkResolver.cpp, line 804]
Event: 47.929 Thread 0x00000119e6305550 Exception <a 'java/lang/NoSuchMethodError'{0x0000000719618f88}: 'void java.lang.invoke.DirectMethodHandle$Holder.invokeInterface(java.lang.Object, java.lang.Object, java.lang.Object)'> (0x0000000719618f88) 
thrown [s\open\src\hotspot\share\interpreter\linkResolver.cpp, line 804]
Event: 47.963 Thread 0x00000119e6305550 Exception <a 'java/lang/NoSuchMethodError'{0x00000007196e8278}: 'java.lang.Object java.lang.invoke.DirectMethodHandle$Holder.invokeVirtual(java.lang.Object, java.lang.Object, java.lang.Object)'> (0x00000007196e8278) 
thrown [s\open\src\hotspot\share\interpreter\linkResolver.cpp, line 804]
Event: 48.037 Thread 0x00000119e6305550 Implicit null exception at 0x00000119d756051d to 0x00000119d756058a

VM Operations (20 events):
Event: 41.780 Executing safepoint VM operation: ThreadDump done
Event: 42.779 Executing safepoint VM operation: ThreadDump
Event: 42.780 Executing safepoint VM operation: ThreadDump done
Event: 43.779 Executing safepoint VM operation: ThreadDump
Event: 43.779 Executing safepoint VM operation: ThreadDump done
Event: 44.780 Executing safepoint VM operation: ThreadDump
Event: 44.780 Executing safepoint VM operation: ThreadDump done
Event: 45.780 Executing safepoint VM operation: ThreadDump
Event: 45.780 Executing safepoint VM operation: ThreadDump done
Event: 46.779 Executing safepoint VM operation: ThreadDump
Event: 46.779 Executing safepoint VM operation: ThreadDump done
Event: 47.751 Executing non-safepoint VM operation: HandshakeAllThreads (Deoptimize)
Event: 47.751 Executing non-safepoint VM operation: HandshakeAllThreads (Deoptimize) done
Event: 47.774 Executing non-safepoint VM operation: HandshakeAllThreads (Deoptimize)
Event: 47.774 Executing non-safepoint VM operation: HandshakeAllThreads (Deoptimize) done
Event: 47.779 Executing safepoint VM operation: ThreadDump
Event: 47.780 Executing safepoint VM operation: ThreadDump done
Event: 47.809 Executing non-safepoint VM operation: HandshakeAllThreads (Deoptimize)
Event: 47.809 Executing non-safepoint VM operation: HandshakeAllThreads (Deoptimize) done
Event: 48.779 Executing safepoint VM operation: ThreadDump

Memory protections (0 events):
No events

Nmethod flushes (0 events):
No events

Events (20 events):
Event: 4.781 Thread 0x00000119eb0b6c20 Thread exited: 0x00000119eb0b6c20
Event: 6.788 Thread 0x00000119eb0b7c40 Thread exited: 0x00000119eb0b7c40
Event: 8.781 Thread 0x00000119c4d0a510 Thread exited: 0x00000119c4d0a510
Event: 12.113 Thread 0x00000119c4d0ad20 Thread added: 0x00000119eb0b6410
Event: 18.781 Thread 0x00000119eb0b6410 Thread exited: 0x00000119eb0b6410
Event: 20.781 Thread 0x00000119c4d0ad20 Thread added: 0x00000119eb0b7430
Event: 21.781 Thread 0x00000119c4d0ad20 Thread added: 0x00000119eb0b6410
Event: 21.781 Thread 0x00000119c4d0ad20 Thread added: 0x00000119eb0ba490
Event: 26.781 Thread 0x00000119eb0ba490 Thread exited: 0x00000119eb0ba490
Event: 26.781 Thread 0x00000119eb0b6410 Thread exited: 0x00000119eb0b6410
Event: 31.786 Thread 0x00000119eb0b7430 Thread exited: 0x00000119eb0b7430
Event: 47.644 Thread 0x00000119ec9b7e80 Thread added: 0x00000119eb674e30
Event: 47.670 Thread 0x00000119c4d0ad20 Thread added: 0x00000119eb0b6410
Event: 47.670 Thread 0x00000119c4d0ad20 Thread added: 0x00000119eb0ba490
Event: 47.670 Thread 0x00000119c4d0ad20 Thread added: 0x00000119eb0b6c20
Event: 47.746 Thread 0x00000119eb0ba490 Thread added: 0x00000119eb0baca0
Event: 47.754 Thread 0x00000119eb674e30 Thread added: 0x00000119e6305550
Event: 47.919 Thread 0x00000119eb0baca0 Thread added: 0x00000119eb0b7430
Event: 47.920 Thread 0x00000119eb0baca0 Thread added: 0x00000119eb0b7c40
Event: 47.920 Thread 0x00000119eb0baca0 Thread added: 0x00000119eb0bed20


Dynamic libraries:
0x00007ff6305e0000 - 0x00007ff6305f0000 	C:\Program Files\Java\jdk-25\bin\java.EXE
0x00007ffea4b00000 - 0x00007ffea4d68000 	C:\WINDOWS\SYSTEM32\ntdll.dll
0x00007ffea3350000 - 0x00007ffea3419000 	C:\WINDOWS\System32\KERNEL32.DLL
0x00007ffea1c50000 - 0x00007ffea203d000 	C:\WINDOWS\System32\KERNELBASE.dll
0x00007ffe944a0000 - 0x00007ffe94511000 	C:\Program Files (x86)\K7 Computing\K7TSecurity\K7CrvrEx64.dll
0x00007ffea3520000 - 0x00007ffea36ec000 	C:\WINDOWS\System32\USER32.dll
0x00007ffea2870000 - 0x00007ffea2897000 	C:\WINDOWS\System32\win32u.dll
0x00007ffea28d0000 - 0x00007ffea28fb000 	C:\WINDOWS\System32\GDI32.dll
0x00007ffea26a0000 - 0x00007ffea27d7000 	C:\WINDOWS\System32\gdi32full.dll
0x00007ffea2040000 - 0x00007ffea20e3000 	C:\WINDOWS\System32\msvcp_win.dll
0x00007ffea2550000 - 0x00007ffea269b000 	C:\WINDOWS\System32\ucrtbase.dll
0x00007ffea3070000 - 0x00007ffea3124000 	C:\WINDOWS\System32\ADVAPI32.dll
0x00007ffea3ac0000 - 0x00007ffea3b69000 	C:\WINDOWS\System32\msvcrt.dll
0x00007ffea36f0000 - 0x00007ffea3796000 	C:\WINDOWS\System32\sechost.dll
0x00007ffea2f50000 - 0x00007ffea3068000 	C:\WINDOWS\System32\RPCRT4.dll
0x00007ffe94440000 - 0x00007ffe9449c000 	C:\Program Files (x86)\K7 Computing\K7TSecurity\K7Crvr64.dll
0x00007ffe9b0e0000 - 0x00007ffe9b0fe000 	C:\Program Files\Java\jdk-25\bin\VCRUNTIME140.dll
0x00007ffe7b7f0000 - 0x00007ffe7b807000 	C:\Program Files\Java\jdk-25\bin\jli.dll
0x00007ffe86f20000 - 0x00007ffe871ba000 	C:\WINDOWS\WinSxS\amd64_microsoft.windows.common-controls_6595b64144ccf1df_6.0.26100.4484_none_3e0e6d4ce32ef3b3\COMCTL32.dll
0x00007ffea2e90000 - 0x00007ffea2ebf000 	C:\WINDOWS\System32\IMM32.DLL
0x00007ffe9b0d0000 - 0x00007ffe9b0dc000 	C:\Program Files\Java\jdk-25\bin\vcruntime140_1.dll
0x00007ffe37300000 - 0x00007ffe3738d000 	C:\Program Files\Java\jdk-25\bin\msvcp140.dll
0x00007ffda29a0000 - 0x00007ffda37ff000 	C:\Program Files\Java\jdk-25\bin\server\jvm.dll
0x00007ffea2a70000 - 0x00007ffea2ae4000 	C:\WINDOWS\System32\WS2_32.dll
0x00007ffea1aa0000 - 0x00007ffea1afe000 	C:\WINDOWS\SYSTEM32\POWRPROF.dll
0x00007ffe963d0000 - 0x00007ffe96405000 	C:\WINDOWS\SYSTEM32\WINMM.dll
0x00007ffe96160000 - 0x00007ffe9616b000 	C:\WINDOWS\SYSTEM32\VERSION.dll
0x00007ffea1a80000 - 0x00007ffea1a94000 	C:\WINDOWS\SYSTEM32\UMPDC.dll
0x00007ffea09f0000 - 0x00007ffea0a0b000 	C:\WINDOWS\SYSTEM32\kernel.appcore.dll
0x00007ffe8d290000 - 0x00007ffe8d29a000 	C:\Program Files\Java\jdk-25\bin\jimage.dll
0x00007ffe92fa0000 - 0x00007ffe931e1000 	C:\WINDOWS\SYSTEM32\DBGHELP.DLL
0x00007ffea2b00000 - 0x00007ffea2e86000 	C:\WINDOWS\System32\combase.dll
0x00007ffea49d0000 - 0x00007ffea4ab0000 	C:\WINDOWS\System32\OLEAUT32.dll
0x00007ffe7c3f0000 - 0x00007ffe7c433000 	C:\WINDOWS\SYSTEM32\dbgcore.DLL
0x00007ffea24b0000 - 0x00007ffea2549000 	C:\WINDOWS\System32\bcryptPrimitives.dll
0x00007ffe78820000 - 0x00007ffe7883f000 	C:\Program Files\Java\jdk-25\bin\java.dll
0x00007ffea47e0000 - 0x00007ffea497e000 	C:\WINDOWS\System32\ole32.dll
0x00007ffea3bf0000 - 0x00007ffea433a000 	C:\WINDOWS\System32\SHELL32.dll
0x00007ffea20f0000 - 0x00007ffea2264000 	C:\WINDOWS\System32\wintypes.dll
0x00007ffe9f890000 - 0x00007ffea00eb000 	C:\WINDOWS\SYSTEM32\windows.storage.dll
0x00007ffea31e0000 - 0x00007ffea32d5000 	C:\WINDOWS\System32\SHCORE.dll
0x00007ffea32e0000 - 0x00007ffea334a000 	C:\WINDOWS\System32\shlwapi.dll
0x00007ffea1b60000 - 0x00007ffea1b8f000 	C:\WINDOWS\SYSTEM32\profapi.dll
0x00007ffe6e640000 - 0x00007ffe6e652000 	C:\Program Files\Java\jdk-25\bin\net.dll
0x00007ffea0f80000 - 0x00007ffea0fea000 	C:\WINDOWS\system32\mswsock.dll
0x00007ffe6bee0000 - 0x00007ffe6bef6000 	C:\Program Files\Java\jdk-25\bin\nio.dll
0x00007ffe683b0000 - 0x00007ffe683c7000 	C:\Program Files\Java\jdk-25\bin\zip.dll
0x00007ffea04f0000 - 0x00007ffea0616000 	C:\WINDOWS\SYSTEM32\DNSAPI.dll
0x00007ffea04b0000 - 0x00007ffea04e3000 	C:\WINDOWS\SYSTEM32\IPHLPAPI.DLL
0x00007ffea47d0000 - 0x00007ffea47da000 	C:\WINDOWS\System32\NSI.dll
0x00007ffe9aa00000 - 0x00007ffe9aa0b000 	C:\Windows\System32\rasadhlp.dll
0x00007ffe9c090000 - 0x00007ffe9c116000 	C:\WINDOWS\System32\fwpuclnt.dll
0x00007ffe81db0000 - 0x00007ffe81db9000 	C:\Program Files\Java\jdk-25\bin\extnet.dll
0x00007ffe73a10000 - 0x00007ffe73a1e000 	C:\Program Files\Java\jdk-25\bin\sunmscapi.dll
0x00007ffea2270000 - 0x00007ffea23e7000 	C:\WINDOWS\System32\CRYPT32.dll
0x00007ffea1450000 - 0x00007ffea1480000 	C:\WINDOWS\SYSTEM32\ncrypt.dll
0x00007ffea1400000 - 0x00007ffea143f000 	C:\WINDOWS\SYSTEM32\NTASN1.dll
0x00007ffe5e240000 - 0x00007ffe5e248000 	C:\WINDOWS\system32\wshunix.dll
0x00007ffea1230000 - 0x00007ffea124b000 	C:\WINDOWS\SYSTEM32\CRYPTSP.dll
0x00007ffea0950000 - 0x00007ffea098b000 	C:\WINDOWS\system32\rsaenh.dll
0x00007ffea1020000 - 0x00007ffea104b000 	C:\WINDOWS\SYSTEM32\USERENV.dll
0x00007ffea1b30000 - 0x00007ffea1b56000 	C:\WINDOWS\SYSTEM32\bcrypt.dll
0x00007ffea1250000 - 0x00007ffea125c000 	C:\WINDOWS\SYSTEM32\CRYPTBASE.dll

JVMTI agents: none

dbghelp: loaded successfully - version: 4.0.5 - missing functions: none
symbol engine: initialized successfully - sym options: 0x614 - pdb path: .;C:\Program Files\Java\jdk-25\bin;C:\WINDOWS\SYSTEM32;C:\Program Files (x86)\K7 Computing\K7TSecurity;C:\WINDOWS\WinSxS\amd64_microsoft.windows.common-controls_6595b64144ccf1df_6.0.26100.4484_none_3e0e6d4ce32ef3b3;C:\Program Files\Java\jdk-25\bin\server

VM Arguments:
java_command: org.languagetool.server.HTTPServer -p 8081
java_class_path (initial): C:\Users\hp\.cache\language_tool_python\LanguageTool-6.8-SNAPSHOT\languagetool-server.jar
Launcher Type: SUN_STANDARD

[Global flags]
     intx CICompilerCount                          = 12                                        {product} {ergonomic}
     uint ConcGCThreads                            = 3                                         {product} {ergonomic}
     uint G1ConcRefinementThreads                  = 13                                        {product} {ergonomic}
   size_t G1HeapRegionSize                         = 2097152                                   {product} {ergonomic}
   size_t InitialHeapSize                          = 257949696                                 {product} {ergonomic}
   size_t MarkStackSize                            = 4194304                                   {product} {ergonomic}
   size_t MarkStackSizeMax                         = 536870912                                 {product} {ergonomic}
   size_t MaxHeapSize                              = 4104126464                                {product} {ergonomic}
   size_t MaxNewSize                               = 2462056448                                {product} {ergonomic}
   size_t MinHeapDeltaBytes                        = 2097152                                   {product} {ergonomic}
   size_t MinHeapSize                              = 8388608                                   {product} {ergonomic}
    uintx NonNMethodCodeHeapSize                   = 7602176                                {pd product} {ergonomic}
    uintx NonProfiledCodeHeapSize                  = 122093568                              {pd product} {ergonomic}
    uintx ProfiledCodeHeapSize                     = 121962496                              {pd product} {ergonomic}
    uintx ReservedCodeCacheSize                    = 251658240                              {pd product} {ergonomic}
     bool SegmentedCodeCache                       = true                                      {product} {ergonomic}
   size_t SoftMaxHeapSize                          = 4104126464                             {manageable} {ergonomic}
     bool UseCompressedOops                        = true                           {product lp64_product} {ergonomic}
     bool UseG1GC                                  = true                                      {product} {ergonomic}
     bool UseLargePagesIndividualAllocation        = false                                  {pd product} {ergonomic}

Logging:
Log output configuration:
 #0: stdout all=warning uptime,level,tags foldmultilines=false
 #1: stderr all=off uptime,level,tags foldmultilines=false

Release file:
IMPLEMENTOR="Oracle Corporation" 
JAVA_RUNTIME_VERSION="25.0.1+8-LTS-27" 
JAVA_VERSION="25.0.1" 
JAVA_VERSION_DATE="2025-10-21" 
LIBC="default" 
MODULES="java.base java.compiler java.datatransfer java.xml java.prefs java.desktop java.instrument java.logging java.management java.security.sasl java.naming java.rmi java.management.rmi java.net.http java.scripting java.security.jgss java.transaction.xa java.sql java.sql.rowset java.xml.crypto java.se java.smartcardio jdk.accessibility jdk.internal.jvmstat jdk.attach jdk.charsets jdk.internal.opt jdk.zipfs jdk.compiler jdk.crypto.cryptoki jdk.crypto.ec jdk.crypto.mscapi jdk.dynalink jdk.internal.ed jdk.editpad jdk.internal.vm.ci jdk.graal.compiler jdk.graal.compiler.management jdk.hotspot.agent jdk.httpserver jdk.incubator.vector jdk.internal.le jdk.internal.md jdk.jartool jdk.javadoc jdk.jcmd jdk.management jdk.management.agent jdk.jconsole jdk.jdeps jdk.jdwp.agent jdk.jdi jdk.jfr jdk.jlink jdk.jpackage jdk.jshell jdk.jsobject jdk.jstatd jdk.localedata jdk.management.jfr jdk.naming.dns jdk.naming.rmi jdk.net jdk.nio.mapmode jdk.sctp jdk.security.auth jdk.security.jgss jdk.unsupported jdk.unsupported.desktop jdk.xml.dom" 
OS_ARCH="x86_64" 
OS_NAME="Windows" 
SOURCE=".:git:862c85bc42b7 open:git:78770bfaefd2" 

Environment Variables:
PATH=E:\Papervista-Upd\backend\.venv\Scripts;C:\Program Files\Common Files\Oracle\Java\javapath;C:\Program Files\Python313\Scripts\;C:\Program Files\Python313\;C:\WINDOWS\system32;C:\WINDOWS;C:\WINDOWS\System32\Wbem;C:\WINDOWS\System32\WindowsPowerShell\v1.0\;C:\WINDOWS\System32\OpenSSH\;C:\Program Files\Git\cmd;C:\ProgramData\chocolatey\bin;C:\Users\hp\AppData\Local\Programs\Python\Python313\;C:\Users\hp\AppData\Local\Programs\Python\Python313\Scripts\;C:\Program Files (x86)\Microsoft SQL Server\160\Tools\Binn\;C:\Program Files\Microsoft SQL Server\160\Tools\Binn\;C:\Program Files\Microsoft SQL Server\Client SDK\ODBC\170\Tools\Binn\;C:\Program Files\Microsoft SQL Server\160\DTS\Binn\;C:\Users\hp\AppData\Local\Programs\Python\Python311;C:\Users\hp\AppData\Local\Programs\Python\Python311\Scripts;C:\Program Files\MySQL\MySQL Server 8.0\bin;C:\Program Files\nodejs\;C:\Program Files\Java\jdk-25\bin;C:\Program Files\MySQL\MySQL Shell 8.0\bin\;C:\Users\hp\AppData\Local\Programs\Python\Python311\Scripts\;C:\Users\hp\AppData\Local\Programs\Python\Python311\;C:\Users\hp\AppData\Local\Microsoft\WindowsApps;C:\Users\hp\AppData\Local\Programs\Microsoft VS Code\bin;C:\Users\hp\AppData\Roaming\npm;C:\Users\hp\AppData\Local\Programs\cursor\resources\app\bin
USERNAME=hp
OS=Windows_NT
PROCESSOR_IDENTIFIER=AMD64 Family 25 Model 116 Stepping 1, AuthenticAMD
TMP=C:\Users\hp\AppData\Local\Temp
TEMP=C:\Users\hp\AppData\Local\Temp




Compilation memory statistics disabled.

Periodic native trim disabled

---------------  S Y S T E M  ---------------

OS:
 Windows 11 , 64 bit Build 26100 (10.0.26100.4484)
OS uptime: 7 days 10:39 hours
Hyper-V role detected

CPU: total 16 (initial active 16) (16 cores per cpu, 2 threads per core) family 25 model 116 stepping 1 microcode 0xa704109, cx8, cmov, fxsr, ht, mmx, 3dnowpref, sse, sse2, sse3, ssse3, sse4a, sse4.1, sse4.2, popcnt, lzcnt, tsc, tscinvbit, avx, avx2, aes, erms, clmul, bmi1, bmi2, adx, avx512f, avx512dq, avx512cd, avx512bw, avx512vl, sha, fma, vzeroupper, avx512_vpopcntdq, avx512_vpclmulqdq, avx512_vaes, avx512_vnni, clflush, clflushopt, clwb, avx512_vbmi2, avx512_vbmi, hv, rdtscp, rdpid, fsrm, gfni, avx512_bitalg, f16c, cet_ss, avx512_ifma
Processor Information for the first 16 processors :
  Max Mhz: 3801, Current Mhz: 2516, Mhz Limit: 3801

Memory: 4k page, system-wide physical 15654M (1055M free)
TotalPageFile size 41654M (AvailPageFile size 91M)
current process WorkingSet (physical memory assigned to process): 283M, peak: 284M
current process commit charge ("private bytes"): 410M, peak: 412M

vm_info: Java HotSpot(TM) 64-Bit Server VM (25.0.1+8-LTS-27) for windows-amd64 JRE (25.0.1+8-LTS-27), built on 2025-09-25T16:41:16Z with unknown MS VC++:1943

END.
