#
# There is insufficient memory for the Java Runtime Environment to continue.
# Native memory allocation (mmap) failed to map 150994944 bytes. Error detail: G1 virtual space
# Possible reasons:
#   The system is out of physical RAM or swap space
#   This process is running with CompressedOops enabled, and the Java Heap may be blocking the growth of the native heap
# Possible solutions:
#   Reduce memory load on the system
#   Increase physical memory or swap space
#   Check if swap backing store is full
#   Decrease Java heap size (-Xmx/-Xms)
#   Decrease number of Java threads
#   Decrease Java thread stack sizes (-Xss)
#   Set larger code cache with -XX:ReservedCodeCacheSize=
#   JVM is running with Zero Based Compressed Oops mode in which the Java heap is
#     placed in the first 32GB address space. The Java Heap base address is the
#     maximum limit for the native heap growth. Please use -XX:HeapBaseMinAddress
#     to set the Java Heap base and to place the Java Heap above 32GB virtual address.
# This output file may be truncated or incomplete.
#
#  Out of Memory Error (os_windows.cpp:3554), pid=15492, tid=27772
#
# JRE version: Java(TM) SE Runtime Environment (25.0.1+8) (build 25.0.1+8-LTS-27)
# Java VM: Java HotSpot(TM) 64-Bit Server VM (25.0.1+8-LTS-27, mixed mode, sharing, tiered, compressed oops, compressed class ptrs, g1 gc, windows-amd64)
# No core dump will be written. Minidumps are not enabled by default on client versions of Windows
#

---------------  S U M M A R Y ------------

Command Line: org.languagetool.server.HTTPServer -p 8081

Host: AMD Ryzen 7 7840HS w/ Radeon 780M Graphics     , 16 cores, 15G,  Windows 11 , 64 bit Build 26100 (10.0.26100.4484)
Time: Wed Nov  5 23:19:26 2025 India Standard Time elapsed time: 112.523750 seconds (0d 0h 1m 52s)

---------------  T H R E A D  ---------------

Current thread (0x000002497723a410):  VMThread "VM Thread"          [id=27772, stack(0x000000ea1f300000,0x000000ea1f400000) (1024K)]

Stack: [0x000000ea1f300000,0x000000ea1f400000]
Native frames: (J=compiled Java code, j=interpreted, Vv=VM code, C=native code)
V  [jvm.dll+0x7a6b59]  (no source info available)
V  [jvm.dll+0x77290d]  (no source info available)
V  [jvm.dll+0x966153]  (no source info available)
V  [jvm.dll+0x968751]  (no source info available)
V  [jvm.dll+0x968e53]  (no source info available)
V  [jvm.dll+0x2fc756]  (no source info available)
V  [jvm.dll+0x7a2d85]  (no source info available)
V  [jvm.dll+0x796197]  (no source info available)
V  [jvm.dll+0x3f4698]  (no source info available)
V  [jvm.dll+0x3fc5b6]  (no source info available)
V  [jvm.dll+0x3e8c8e]  (no source info available)
V  [jvm.dll+0x3e8f48]  (no source info available)
V  [jvm.dll+0x3c0045]  (no source info available)
V  [jvm.dll+0x3c00da]  (no source info available)
V  [jvm.dll+0x40d2b6]  (no source info available)
V  [jvm.dll+0x40bbdb]  (no source info available)
V  [jvm.dll+0x3bf787]  (no source info available)
V  [jvm.dll+0x40b398]  (no source info available)
V  [jvm.dll+0x96f091]  (no source info available)
V  [jvm.dll+0x9703ad]  (no source info available)
V  [jvm.dll+0x970929]  (no source info available)
V  [jvm.dll+0x970bd3]  (no source info available)
V  [jvm.dll+0x906a0d]  (no source info available)
V  [jvm.dll+0x7a5135]  (no source info available)
C  [ucrtbase.dll+0x37b0]  (no source info available)
C  [KERNEL32.DLL+0x2e8d7]  (no source info available)
C  [ntdll.dll+0x3c34c]  (no source info available)

VM_Operation (0x000000ea1ebfda10): G1TryInitiateConcMark, mode: safepoint, requested by thread 0x0000024977263550


---------------  P R O C E S S  ---------------

Threads class SMR info:
_java_thread_list=0x000002497c0dd650, length=27, elements={
0x00000249772541d0, 0x0000024977254ae0, 0x00000249772588d0, 0x0000024977259840,
0x000002497725a400, 0x0000024977263fe0, 0x0000024955baa570, 0x0000024955babda0,
0x000002497c099c60, 0x000002497c0a9b70, 0x000002497d334f50, 0x000002497d4b0640,
0x00000249004b59e0, 0x000002497de22c00, 0x000002497d72f400, 0x0000024955bc1fd0,
0x000002497de20d50, 0x000002497d62a6f0, 0x0000024977261de0, 0x000002497c0c3a80,
0x0000024977263550, 0x000002497c0c52b0, 0x000002497c0c8310, 0x000002497c0c72f0,
0x000002497c0c4aa0, 0x000002497c0ccba0, 0x000002497c0cab60
}

Java Threads: ( => current thread )
  0x00000249772541d0 JavaThread "Reference Handler"          daemon [_thread_blocked, id=21684, stack(0x000000ea1f400000,0x000000ea1f500000) (1024K)]
  0x0000024977254ae0 JavaThread "Finalizer"                  daemon [_thread_blocked, id=3064, stack(0x000000ea1f500000,0x000000ea1f600000) (1024K)]
  0x00000249772588d0 JavaThread "Signal Dispatcher"          daemon [_thread_blocked, id=7740, stack(0x000000ea1f600000,0x000000ea1f700000) (1024K)]
  0x0000024977259840 JavaThread "Attach Listener"            daemon [_thread_blocked, id=10428, stack(0x000000ea1f700000,0x000000ea1f800000) (1024K)]
  0x000002497725a400 JavaThread "Service Thread"             daemon [_thread_blocked, id=16740, stack(0x000000ea1f800000,0x000000ea1f900000) (1024K)]
  0x0000024977263fe0 JavaThread "Monitor Deflation Thread"   daemon [_thread_blocked, id=20244, stack(0x000000ea1f900000,0x000000ea1fa00000) (1024K)]
  0x0000024955baa570 JavaThread "C2 CompilerThread0"         daemon [_thread_blocked, id=13568, stack(0x000000ea1fa00000,0x000000ea1fb00000) (1024K)]
  0x0000024955babda0 JavaThread "C1 CompilerThread0"         daemon [_thread_blocked, id=11188, stack(0x000000ea1fb00000,0x000000ea1fc00000) (1024K)]
  0x000002497c099c60 JavaThread "Notification Thread"        daemon [_thread_blocked, id=11340, stack(0x000000ea1fc00000,0x000000ea1fd00000) (1024K)]
  0x000002497c0a9b70 JavaThread "Common-Cleaner"             daemon [_thread_blocked, id=22192, stack(0x000000ea1fd00000,0x000000ea1fe00000) (1024K)]
  0x000002497d334f50 JavaThread "LtThreadPoolMonitor"        daemon [_thread_blocked, id=27612, stack(0x000000ea20300000,0x000000ea20400000) (1024K)]
  0x000002497d4b0640 JavaThread "LtThreadPoolExecutorMonitor" daemon [_thread_blocked, id=28820, stack(0x000000ea20400000,0x000000ea20500000) (1024K)]
  0x00000249004b59e0 JavaThread "LtThreadPoolExecutorMonitor" daemon [_thread_blocked, id=11300, stack(0x000000ea20800000,0x000000ea20900000) (1024K)]
  0x000002497de22c00 JavaThread "idle-timeout-task"          daemon [_thread_blocked, id=9172, stack(0x000000ea20500000,0x000000ea20600000) (1024K)]
  0x000002497d72f400 JavaThread "HTTP-Dispatcher"                   [_thread_blocked, id=16108, stack(0x000000ea20600000,0x000000ea20700000) (1024K)]
  0x0000024955bc1fd0 JavaThread "DestroyJavaVM"                     [_thread_blocked, id=23396, stack(0x000000ea1ec00000,0x000000ea1ed00000) (1024K)]
  0x000002497de20d50 JavaThread "lt-server-thread-0"                [_thread_blocked, id=3152, stack(0x000000ea20700000,0x000000ea20800000) (1024K)]
  0x000002497d62a6f0 JavaThread "lt-server-thread-1"                [_thread_blocked, id=17580, stack(0x000000ea20200000,0x000000ea20300000) (1024K)]
  0x0000024977261de0 JavaThread "lt-server-thread-2"                [_thread_blocked, id=16224, stack(0x000000ea1e900000,0x000000ea1ea00000) (1024K)]
  0x000002497c0c3a80 JavaThread "C2 CompilerThread1"         daemon [_thread_blocked, id=26604, stack(0x000000ea1ea00000,0x000000ea1eb00000) (1024K)]
  0x0000024977263550 JavaThread "lt-text-checker-thread-0"          [_thread_blocked, id=25004, stack(0x000000ea1eb00000,0x000000ea1ec00000) (1024K)]
  0x000002497c0c52b0 JavaThread "C1 CompilerThread1"         daemon [_thread_blocked, id=25244, stack(0x000000ea20000000,0x000000ea20100000) (1024K)]
  0x000002497c0c8310 JavaThread "C1 CompilerThread2"         daemon [_thread_blocked, id=17116, stack(0x000000ea20100000,0x000000ea20200000) (1024K)]
  0x000002497c0c72f0 JavaThread "C1 CompilerThread3"         daemon [_thread_blocked, id=28928, stack(0x000000ea20900000,0x000000ea20a00000) (1024K)]
  0x000002497c0c4aa0 JavaThread "C2 CompilerThread2"         daemon [_thread_blocked, id=6844, stack(0x000000ea21000000,0x000000ea21100000) (1024K)]
  0x000002497c0ccba0 JavaThread "C2 CompilerThread3"         daemon [_thread_blocked, id=2536, stack(0x000000ea21100000,0x000000ea21200000) (1024K)]
  0x000002497c0cab60 JavaThread "C2 CompilerThread4"         daemon [_thread_blocked, id=3508, stack(0x000000ea21200000,0x000000ea21300000) (1024K)]
Total: 27

Other Threads:
=>0x000002497723a410 VMThread "VM Thread"                           [id=27772, stack(0x000000ea1f300000,0x000000ea1f400000) (1024K)]
  0x0000024955bb3240 WatcherThread "VM Periodic Task Thread"        [id=23960, stack(0x000000ea1f200000,0x000000ea1f300000) (1024K)]
  0x0000024958170290 WorkerThread "GC Thread#0"                     [id=11516, stack(0x000000ea1ed00000,0x000000ea1ee00000) (1024K)]
  0x000002497e6bae20 WorkerThread "GC Thread#1"                     [id=13840, stack(0x000000ea20a00000,0x000000ea20b00000) (1024K)]
  0x000002497e8ec3e0 WorkerThread "GC Thread#2"                     [id=29280, stack(0x000000ea20b00000,0x000000ea20c00000) (1024K)]
  0x000002497d9368e0 WorkerThread "GC Thread#3"                     [id=2788, stack(0x000000ea20c00000,0x000000ea20d00000) (1024K)]
  0x000002497f941810 WorkerThread "GC Thread#4"                     [id=24924, stack(0x000000ea20d00000,0x000000ea20e00000) (1024K)]
  0x000002497e1d61a0 WorkerThread "GC Thread#5"                     [id=4608, stack(0x000000ea20e00000,0x000000ea20f00000) (1024K)]
  0x000002497e1d54b0 WorkerThread "GC Thread#6"                     [id=27008, stack(0x000000ea20f00000,0x000000ea21000000) (1024K)]
  0x000002497e1d6a40 WorkerThread "GC Thread#7"                     [id=29260, stack(0x000000ea21300000,0x000000ea21400000) (1024K)]
  0x000002497e1d8870 WorkerThread "GC Thread#8"                     [id=28940, stack(0x000000ea21400000,0x000000ea21500000) (1024K)]
  0x000002497e1d6e90 WorkerThread "GC Thread#9"                     [id=10144, stack(0x000000ea21500000,0x000000ea21600000) (1024K)]
  0x000002497e1d5900 WorkerThread "GC Thread#10"                    [id=22428, stack(0x000000ea21600000,0x000000ea21700000) (1024K)]
  0x000002497e1d7730 WorkerThread "GC Thread#11"                    [id=5648, stack(0x000000ea21700000,0x000000ea21800000) (1024K)]
  0x000002497e1d5d50 WorkerThread "GC Thread#12"                    [id=17140, stack(0x000000ea21800000,0x000000ea21900000) (1024K)]
  0x000002495818af40 ConcurrentGCThread "G1 Main Marker"            [id=27468, stack(0x000000ea1ee00000,0x000000ea1ef00000) (1024K)]
  0x000002495818b8e0 WorkerThread "G1 Conc#0"                       [id=15148, stack(0x000000ea1ef00000,0x000000ea1f000000) (1024K)]
  0x00000249770f0d30 ConcurrentGCThread "G1 Refine#0"               [id=16332, stack(0x000000ea1f000000,0x000000ea1f100000) (1024K)]
  0x00000249770f2750 ConcurrentGCThread "G1 Service"                [id=14036, stack(0x000000ea1f100000,0x000000ea1f200000) (1024K)]
Total: 19

Threads with active compile tasks:
Total: 0

VM state: at safepoint (normal execution)

VM Mutex/Monitor currently owned by a thread:  ([mutex/lock_event])
[0x00007ffda37194e8] Threads_lock - owner thread: 0x000002497723a410
[0x00007ffda3719668] Heap_lock - owner thread: 0x0000024977263550

Heap address: 0x000000070b600000, size: 3914 MB, Compressed Oops mode: Zero based, Oop shift amount: 3

CDS archive(s) mapped at: [0x000000002c000000-0x000000002cdd0000-0x000000002cdd0000), size 14483456, SharedBaseAddress: 0x000000002c000000, ArchiveRelocationMode: 1.
Compressed class space mapped at: 0x000000002d000000-0x000000006d000000, reserved size: 1073741824
UseCompressedClassPointers 1, UseCompactObjectHeaders 0
Narrow klass pointer bits 32, Max shift 3
Narrow klass base: 0x000000002c000000, Narrow klass shift: 0
Encoding Range: [0x000000002c000000 - 0x000000012c000000), (4294967296 bytes)
Klass Range:    [0x000000002c010000 - 0x000000006d000000), (1090453504 bytes)
Klass ID Range:  [65536 - 1090519033) (1090453497)
Protection zone: [0x000000002c000000 - 0x000000002c010000), (65536 bytes)

GC Precious Log:
 CardTable entry size: 512
 Card Set container configuration: InlinePtr #cards 4 size 8 Array Of Cards #cards 16 size 48 Howl #buckets 8 coarsen threshold 3686 Howl Bitmap #cards 512 size 80 coarsen threshold 460 Card regions per heap region 1 cards per card region 4096
 CPUs: 16 total, 16 available
 Memory: 15654M
 Large Page Support: Disabled
 NUMA Support: Disabled
 Compressed Oops: Enabled (Zero based)
 Heap Region Size: 2M
 Heap Min Capacity: 8M
 Heap Initial Capacity: 246M
 Heap Max Capacity: 3914M
 Pre-touch: Disabled
 Parallel Workers: 13
 Concurrent Workers: 3
 Concurrent Refinement Workers: 13
 Periodic GC: Disabled

Heap:
 garbage-first heap   total reserved 4007936K, committed 253952K, used 137963K [0x000000070b600000, 0x0000000800000000)
  region size 2048K, 4 young (8192K), 4 survivors (8192K)

Heap Regions: E=young(eden), S=young(survivor), O=old, HS=humongous(starts), HC=humongous(continues), CS=collection set, F=free, TAMS=top-at-mark-start, PB=parsable bottom
|   0|0x000000070b600000, 0x000000070b800000, 0x000000070b800000|100%| O|  |TAMS 0x000000070b800000| PB 0x000000070b600000| Untracked |  0
|   1|0x000000070b800000, 0x000000070ba00000, 0x000000070ba00000|100%| O|  |TAMS 0x000000070ba00000| PB 0x000000070b800000| Untracked |  0
|   2|0x000000070ba00000, 0x000000070bc00000, 0x000000070bc00000|100%| O|  |TAMS 0x000000070bc00000| PB 0x000000070ba00000| Untracked |  0
|   3|0x000000070bc00000, 0x000000070be00000, 0x000000070be00000|100%| O|  |TAMS 0x000000070be00000| PB 0x000000070bc00000| Untracked |  0
|   4|0x000000070be00000, 0x000000070c000000, 0x000000070c000000|100%|HS|  |TAMS 0x000000070c000000| PB 0x000000070be00000| Complete |  0
|   5|0x000000070c000000, 0x000000070c200000, 0x000000070c200000|100%|HS|  |TAMS 0x000000070c200000| PB 0x000000070c000000| Complete |  0
|   6|0x000000070c200000, 0x000000070c400000, 0x000000070c400000|100%|HC|  |TAMS 0x000000070c400000| PB 0x000000070c200000| Complete |  0
|   7|0x000000070c400000, 0x000000070c600000, 0x000000070c600000|100%| O|  |TAMS 0x000000070c600000| PB 0x000000070c400000| Untracked |  0
|   8|0x000000070c600000, 0x000000070c800000, 0x000000070c800000|100%| O|  |TAMS 0x000000070c800000| PB 0x000000070c600000| Untracked |  0
|   9|0x000000070c800000, 0x000000070ca00000, 0x000000070ca00000|100%| O|  |TAMS 0x000000070ca00000| PB 0x000000070c800000| Untracked |  0
|  10|0x000000070ca00000, 0x000000070cc00000, 0x000000070cc00000|100%| O|  |TAMS 0x000000070cc00000| PB 0x000000070ca00000| Untracked |  0
|  11|0x000000070cc00000, 0x000000070ce00000, 0x000000070ce00000|100%| O|  |TAMS 0x000000070ce00000| PB 0x000000070cc00000| Untracked |  0
|  12|0x000000070ce00000, 0x000000070d000000, 0x000000070d000000|100%| O|  |TAMS 0x000000070d000000| PB 0x000000070ce00000| Untracked |  0
|  13|0x000000070d000000, 0x000000070d200000, 0x000000070d200000|100%| O|  |TAMS 0x000000070d200000| PB 0x000000070d000000| Untracked |  0
|  14|0x000000070d200000, 0x000000070d400000, 0x000000070d400000|100%| O|  |TAMS 0x000000070d400000| PB 0x000000070d200000| Untracked |  0
|  15|0x000000070d400000, 0x000000070d600000, 0x000000070d600000|100%| O|  |TAMS 0x000000070d600000| PB 0x000000070d400000| Untracked |  0
|  16|0x000000070d600000, 0x000000070d800000, 0x000000070d800000|100%| O|  |TAMS 0x000000070d800000| PB 0x000000070d600000| Untracked |  0
|  17|0x000000070d800000, 0x000000070da00000, 0x000000070da00000|100%| O|  |TAMS 0x000000070da00000| PB 0x000000070d800000| Untracked |  0
|  18|0x000000070da00000, 0x000000070dc00000, 0x000000070dc00000|100%| O|  |TAMS 0x000000070dc00000| PB 0x000000070da00000| Untracked |  0
|  19|0x000000070dc00000, 0x000000070de00000, 0x000000070de00000|100%| O|  |TAMS 0x000000070de00000| PB 0x000000070dc00000| Untracked |  0
|  20|0x000000070de00000, 0x000000070e000000, 0x000000070e000000|100%| O|  |TAMS 0x000000070e000000| PB 0x000000070de00000| Untracked |  0
|  21|0x000000070e000000, 0x000000070e200000, 0x000000070e200000|100%| O|  |TAMS 0x000000070e200000| PB 0x000000070e000000| Untracked |  0
|  22|0x000000070e200000, 0x000000070e400000, 0x000000070e400000|100%| O|  |TAMS 0x000000070e400000| PB 0x000000070e200000| Untracked |  0
|  23|0x000000070e400000, 0x000000070e600000, 0x000000070e600000|100%| O|  |TAMS 0x000000070e600000| PB 0x000000070e400000| Untracked |  0
|  24|0x000000070e600000, 0x000000070e800000, 0x000000070e800000|100%| O|  |TAMS 0x000000070e800000| PB 0x000000070e600000| Untracked |  0
|  25|0x000000070e800000, 0x000000070ea00000, 0x000000070ea00000|100%| O|  |TAMS 0x000000070ea00000| PB 0x000000070e800000| Untracked |  0
|  26|0x000000070ea00000, 0x000000070ec00000, 0x000000070ec00000|100%| O|  |TAMS 0x000000070ec00000| PB 0x000000070ea00000| Untracked |  0
|  27|0x000000070ec00000, 0x000000070ee00000, 0x000000070ee00000|100%| O|  |TAMS 0x000000070ee00000| PB 0x000000070ec00000| Untracked |  0
|  28|0x000000070ee00000, 0x000000070f000000, 0x000000070f000000|100%| O|  |TAMS 0x000000070f000000| PB 0x000000070ee00000| Untracked |  0
|  29|0x000000070f000000, 0x000000070f200000, 0x000000070f200000|100%| O|  |TAMS 0x000000070f200000| PB 0x000000070f000000| Untracked |  0
|  30|0x000000070f200000, 0x000000070f400000, 0x000000070f400000|100%| O|  |TAMS 0x000000070f400000| PB 0x000000070f200000| Untracked |  0
|  31|0x000000070f400000, 0x000000070f600000, 0x000000070f600000|100%| O|  |TAMS 0x000000070f600000| PB 0x000000070f400000| Untracked |  0
|  32|0x000000070f600000, 0x000000070f800000, 0x000000070f800000|100%| O|  |TAMS 0x000000070f800000| PB 0x000000070f600000| Untracked |  0
|  33|0x000000070f800000, 0x000000070fa00000, 0x000000070fa00000|100%| O|  |TAMS 0x000000070fa00000| PB 0x000000070f800000| Untracked |  0
|  34|0x000000070fa00000, 0x000000070fc00000, 0x000000070fc00000|100%| O|  |TAMS 0x000000070fc00000| PB 0x000000070fa00000| Untracked |  0
|  35|0x000000070fc00000, 0x000000070fe00000, 0x000000070fe00000|100%| O|  |TAMS 0x000000070fe00000| PB 0x000000070fc00000| Untracked |  0
|  36|0x000000070fe00000, 0x0000000710000000, 0x0000000710000000|100%| O|  |TAMS 0x0000000710000000| PB 0x000000070fe00000| Untracked |  0
|  37|0x0000000710000000, 0x0000000710200000, 0x0000000710200000|100%| O|  |TAMS 0x0000000710200000| PB 0x0000000710000000| Untracked |  0
|  38|0x0000000710200000, 0x0000000710400000, 0x0000000710400000|100%| O|  |TAMS 0x0000000710400000| PB 0x0000000710200000| Untracked |  0
|  39|0x0000000710400000, 0x0000000710600000, 0x0000000710600000|100%| O|  |TAMS 0x0000000710600000| PB 0x0000000710400000| Untracked |  0
|  40|0x0000000710600000, 0x0000000710800000, 0x0000000710800000|100%| O|  |TAMS 0x0000000710800000| PB 0x0000000710600000| Untracked |  0
|  41|0x0000000710800000, 0x0000000710a00000, 0x0000000710a00000|100%| O|  |TAMS 0x0000000710a00000| PB 0x0000000710800000| Untracked |  0
|  42|0x0000000710a00000, 0x0000000710c00000, 0x0000000710c00000|100%| O|  |TAMS 0x0000000710c00000| PB 0x0000000710a00000| Untracked |  0
|  43|0x0000000710c00000, 0x0000000710e00000, 0x0000000710e00000|100%| O|  |TAMS 0x0000000710e00000| PB 0x0000000710c00000| Untracked |  0
|  44|0x0000000710e00000, 0x0000000711000000, 0x0000000711000000|100%| O|  |TAMS 0x0000000711000000| PB 0x0000000710e00000| Untracked |  0
|  45|0x0000000711000000, 0x0000000711200000, 0x0000000711200000|100%| O|  |TAMS 0x0000000711200000| PB 0x0000000711000000| Untracked |  0
|  46|0x0000000711200000, 0x0000000711400000, 0x0000000711400000|100%| O|  |TAMS 0x0000000711400000| PB 0x0000000711200000| Untracked |  0
|  47|0x0000000711400000, 0x0000000711600000, 0x0000000711600000|100%| O|  |TAMS 0x0000000711600000| PB 0x0000000711400000| Untracked |  0
|  48|0x0000000711600000, 0x0000000711800000, 0x0000000711800000|100%| O|  |TAMS 0x0000000711800000| PB 0x0000000711600000| Untracked |  0
|  49|0x0000000711800000, 0x0000000711a00000, 0x0000000711a00000|100%| O|  |TAMS 0x0000000711a00000| PB 0x0000000711800000| Untracked |  0
|  50|0x0000000711a00000, 0x0000000711c00000, 0x0000000711c00000|100%| O|  |TAMS 0x0000000711c00000| PB 0x0000000711a00000| Untracked |  0
|  51|0x0000000711c00000, 0x0000000711e00000, 0x0000000711e00000|100%| O|  |TAMS 0x0000000711e00000| PB 0x0000000711c00000| Untracked |  0
|  52|0x0000000711e00000, 0x0000000712000000, 0x0000000712000000|100%| O|  |TAMS 0x0000000712000000| PB 0x0000000711e00000| Untracked |  0
|  53|0x0000000712000000, 0x0000000712200000, 0x0000000712200000|100%| O|  |TAMS 0x0000000712200000| PB 0x0000000712000000| Untracked |  0
|  54|0x0000000712200000, 0x0000000712400000, 0x0000000712400000|100%| O|  |TAMS 0x0000000712400000| PB 0x0000000712200000| Untracked |  0
|  55|0x0000000712400000, 0x0000000712600000, 0x0000000712600000|100%| O|  |TAMS 0x0000000712600000| PB 0x0000000712400000| Untracked |  0
|  56|0x0000000712600000, 0x0000000712800000, 0x0000000712800000|100%| O|  |TAMS 0x0000000712756d08| PB 0x0000000712600000| Untracked |  0
|  57|0x0000000712800000, 0x0000000712a00000, 0x0000000712a00000|100%| O|  |TAMS 0x0000000712800000| PB 0x0000000712800000| Untracked |  0
|  58|0x0000000712a00000, 0x0000000712c00000, 0x0000000712c00000|100%| O|  |TAMS 0x0000000712a00000| PB 0x0000000712a00000| Untracked |  0
|  59|0x0000000712c00000, 0x0000000712e00000, 0x0000000712e00000|100%| O|  |TAMS 0x0000000712c00000| PB 0x0000000712c00000| Untracked |  0
|  60|0x0000000712e00000, 0x0000000713000000, 0x0000000713000000|100%| O|  |TAMS 0x0000000712e00000| PB 0x0000000712e00000| Untracked |  0
|  61|0x0000000713000000, 0x0000000713200000, 0x0000000713200000|100%| O|  |TAMS 0x0000000713000000| PB 0x0000000713000000| Untracked |  0
|  62|0x0000000713200000, 0x0000000713400000, 0x0000000713400000|100%| O|  |TAMS 0x0000000713200000| PB 0x0000000713200000| Untracked |  0
|  63|0x0000000713400000, 0x0000000713476180, 0x0000000713600000| 23%| O|  |TAMS 0x0000000713400000| PB 0x0000000713400000| Untracked |  0
|  64|0x0000000713600000, 0x0000000713600000, 0x0000000713800000|  0%| F|  |TAMS 0x0000000713600000| PB 0x0000000713600000| Untracked |  0
|  65|0x0000000713800000, 0x0000000713800000, 0x0000000713a00000|  0%| F|  |TAMS 0x0000000713800000| PB 0x0000000713800000| Untracked |  0
|  66|0x0000000713a00000, 0x0000000713a00000, 0x0000000713c00000|  0%| F|  |TAMS 0x0000000713a00000| PB 0x0000000713a00000| Untracked |  0
|  67|0x0000000713c00000, 0x0000000713c00000, 0x0000000713e00000|  0%| F|  |TAMS 0x0000000713c00000| PB 0x0000000713c00000| Untracked |  0
|  68|0x0000000713e00000, 0x0000000713e00000, 0x0000000714000000|  0%| F|  |TAMS 0x0000000713e00000| PB 0x0000000713e00000| Untracked |  0
|  69|0x0000000714000000, 0x0000000714000000, 0x0000000714200000|  0%| F|  |TAMS 0x0000000714000000| PB 0x0000000714000000| Untracked |  0
|  70|0x0000000714200000, 0x0000000714200000, 0x0000000714400000|  0%| F|  |TAMS 0x0000000714200000| PB 0x0000000714200000| Untracked |  0
|  71|0x0000000714400000, 0x0000000714400000, 0x0000000714600000|  0%| F|  |TAMS 0x0000000714400000| PB 0x0000000714400000| Untracked |  0
|  72|0x0000000714600000, 0x0000000714600000, 0x0000000714800000|  0%| F|  |TAMS 0x0000000714600000| PB 0x0000000714600000| Untracked |  0
|  73|0x0000000714800000, 0x0000000714800000, 0x0000000714a00000|  0%| F|  |TAMS 0x0000000714800000| PB 0x0000000714800000| Untracked |  0
|  74|0x0000000714a00000, 0x0000000714a00000, 0x0000000714c00000|  0%| F|  |TAMS 0x0000000714a00000| PB 0x0000000714a00000| Untracked |  0
|  75|0x0000000714c00000, 0x0000000714c00000, 0x0000000714e00000|  0%| F|  |TAMS 0x0000000714c00000| PB 0x0000000714c00000| Untracked |  0
|  76|0x0000000714e00000, 0x0000000714e00000, 0x0000000715000000|  0%| F|  |TAMS 0x0000000714e00000| PB 0x0000000714e00000| Untracked |  0
|  77|0x0000000715000000, 0x0000000715000000, 0x0000000715200000|  0%| F|  |TAMS 0x0000000715000000| PB 0x0000000715000000| Untracked |  0
|  78|0x0000000715200000, 0x0000000715200000, 0x0000000715400000|  0%| F|  |TAMS 0x0000000715200000| PB 0x0000000715200000| Untracked |  0
|  79|0x0000000715400000, 0x0000000715400000, 0x0000000715600000|  0%| F|  |TAMS 0x0000000715400000| PB 0x0000000715400000| Untracked |  0
|  80|0x0000000715600000, 0x0000000715600000, 0x0000000715800000|  0%| F|  |TAMS 0x0000000715600000| PB 0x0000000715600000| Untracked |  0
|  81|0x0000000715800000, 0x0000000715800000, 0x0000000715a00000|  0%| F|  |TAMS 0x0000000715800000| PB 0x0000000715800000| Untracked |  0
|  82|0x0000000715a00000, 0x0000000715a00000, 0x0000000715c00000|  0%| F|  |TAMS 0x0000000715a00000| PB 0x0000000715a00000| Untracked |  0
|  83|0x0000000715c00000, 0x0000000715c00000, 0x0000000715e00000|  0%| F|  |TAMS 0x0000000715c00000| PB 0x0000000715c00000| Untracked |  0
|  84|0x0000000715e00000, 0x0000000715e00000, 0x0000000716000000|  0%| F|  |TAMS 0x0000000715e00000| PB 0x0000000715e00000| Untracked |  0
|  85|0x0000000716000000, 0x0000000716000000, 0x0000000716200000|  0%| F|  |TAMS 0x0000000716000000| PB 0x0000000716000000| Untracked |  0
|  86|0x0000000716200000, 0x0000000716200000, 0x0000000716400000|  0%| F|  |TAMS 0x0000000716200000| PB 0x0000000716200000| Untracked |  0
|  87|0x0000000716400000, 0x0000000716400000, 0x0000000716600000|  0%| F|  |TAMS 0x0000000716400000| PB 0x0000000716400000| Untracked |  0
|  88|0x0000000716600000, 0x0000000716600000, 0x0000000716800000|  0%| F|  |TAMS 0x0000000716600000| PB 0x0000000716600000| Untracked |  0
|  89|0x0000000716800000, 0x0000000716800000, 0x0000000716a00000|  0%| F|  |TAMS 0x0000000716800000| PB 0x0000000716800000| Untracked |  0
|  90|0x0000000716a00000, 0x0000000716a00000, 0x0000000716c00000|  0%| F|  |TAMS 0x0000000716a00000| PB 0x0000000716a00000| Untracked |  0
|  91|0x0000000716c00000, 0x0000000716c00000, 0x0000000716e00000|  0%| F|  |TAMS 0x0000000716c00000| PB 0x0000000716c00000| Untracked |  0
|  92|0x0000000716e00000, 0x0000000716e00000, 0x0000000717000000|  0%| F|  |TAMS 0x0000000716e00000| PB 0x0000000716e00000| Untracked |  0
|  93|0x0000000717000000, 0x0000000717000000, 0x0000000717200000|  0%| F|  |TAMS 0x0000000717000000| PB 0x0000000717000000| Untracked |  0
|  94|0x0000000717200000, 0x0000000717200000, 0x0000000717400000|  0%| F|  |TAMS 0x0000000717200000| PB 0x0000000717200000| Untracked |  0
|  95|0x0000000717400000, 0x0000000717400000, 0x0000000717600000|  0%| F|  |TAMS 0x0000000717400000| PB 0x0000000717400000| Untracked |  0
|  96|0x0000000717600000, 0x0000000717600000, 0x0000000717800000|  0%| F|  |TAMS 0x0000000717600000| PB 0x0000000717600000| Untracked |  0
|  97|0x0000000717800000, 0x0000000717800000, 0x0000000717a00000|  0%| F|  |TAMS 0x0000000717800000| PB 0x0000000717800000| Untracked |  0
|  98|0x0000000717a00000, 0x0000000717a00000, 0x0000000717c00000|  0%| F|  |TAMS 0x0000000717a00000| PB 0x0000000717a00000| Untracked |  0
|  99|0x0000000717c00000, 0x0000000717c00000, 0x0000000717e00000|  0%| F|  |TAMS 0x0000000717c00000| PB 0x0000000717c00000| Untracked |  0
| 100|0x0000000717e00000, 0x0000000717e00000, 0x0000000718000000|  0%| F|  |TAMS 0x0000000717e00000| PB 0x0000000717e00000| Untracked |  0
| 101|0x0000000718000000, 0x0000000718000000, 0x0000000718200000|  0%| F|  |TAMS 0x0000000718000000| PB 0x0000000718000000| Untracked |  0
| 102|0x0000000718200000, 0x000000071831f700, 0x0000000718400000| 56%| S|CS|TAMS 0x0000000718200000| PB 0x0000000718200000| Complete |  0
| 103|0x0000000718400000, 0x0000000718600000, 0x0000000718600000|100%| S|CS|TAMS 0x0000000718400000| PB 0x0000000718400000| Complete |  0
| 104|0x0000000718600000, 0x0000000718800000, 0x0000000718800000|100%| S|CS|TAMS 0x0000000718600000| PB 0x0000000718600000| Complete |  0
| 105|0x0000000718800000, 0x0000000718a00000, 0x0000000718a00000|100%| S|CS|TAMS 0x0000000718800000| PB 0x0000000718800000| Complete |  0
| 106|0x0000000718a00000, 0x0000000718a00000, 0x0000000718c00000|  0%| F|  |TAMS 0x0000000718a00000| PB 0x0000000718a00000| Untracked |  0
| 107|0x0000000718c00000, 0x0000000718c00000, 0x0000000718e00000|  0%| F|  |TAMS 0x0000000718c00000| PB 0x0000000718c00000| Untracked |  0
| 108|0x0000000718e00000, 0x0000000718e00000, 0x0000000719000000|  0%| F|  |TAMS 0x0000000718e00000| PB 0x0000000718e00000| Untracked |  0
| 109|0x0000000719000000, 0x0000000719000000, 0x0000000719200000|  0%| F|  |TAMS 0x0000000719000000| PB 0x0000000719000000| Untracked |  0
| 110|0x0000000719200000, 0x0000000719200000, 0x0000000719400000|  0%| F|  |TAMS 0x0000000719200000| PB 0x0000000719200000| Untracked |  0
| 111|0x0000000719400000, 0x0000000719400000, 0x0000000719600000|  0%| F|  |TAMS 0x0000000719400000| PB 0x0000000719400000| Untracked |  0
| 112|0x0000000719600000, 0x0000000719600000, 0x0000000719800000|  0%| F|  |TAMS 0x0000000719600000| PB 0x0000000719600000| Untracked |  0
| 113|0x0000000719800000, 0x0000000719800000, 0x0000000719a00000|  0%| F|  |TAMS 0x0000000719800000| PB 0x0000000719800000| Untracked |  0
| 114|0x0000000719a00000, 0x0000000719a00000, 0x0000000719c00000|  0%| F|  |TAMS 0x0000000719a00000| PB 0x0000000719a00000| Untracked |  0
| 115|0x0000000719c00000, 0x0000000719c00000, 0x0000000719e00000|  0%| F|  |TAMS 0x0000000719c00000| PB 0x0000000719c00000| Untracked |  0
| 116|0x0000000719e00000, 0x0000000719e00000, 0x000000071a000000|  0%| F|  |TAMS 0x0000000719e00000| PB 0x0000000719e00000| Untracked |  0
| 117|0x000000071a000000, 0x000000071a000000, 0x000000071a200000|  0%| F|  |TAMS 0x000000071a000000| PB 0x000000071a000000| Untracked |  0
| 118|0x000000071a200000, 0x000000071a200000, 0x000000071a400000|  0%| F|  |TAMS 0x000000071a200000| PB 0x000000071a200000| Untracked |  0
| 119|0x000000071a400000, 0x000000071a400000, 0x000000071a600000|  0%| F|  |TAMS 0x000000071a400000| PB 0x000000071a400000| Untracked |  0
| 120|0x000000071a600000, 0x000000071a600000, 0x000000071a800000|  0%| F|  |TAMS 0x000000071a600000| PB 0x000000071a600000| Untracked |  0
| 121|0x000000071a800000, 0x000000071a800000, 0x000000071aa00000|  0%| F|  |TAMS 0x000000071a800000| PB 0x000000071a800000| Untracked |  0
| 122|0x000000071aa00000, 0x000000071aa00000, 0x000000071ac00000|  0%| F|  |TAMS 0x000000071aa00000| PB 0x000000071aa00000| Untracked |  0
|1956|0x00000007ffe00000, 0x00000007fff256a0, 0x0000000800000000| 57%| O|  |TAMS 0x00000007fff256a0| PB 0x00000007ffe00000| Untracked |  0

Card table byte_map: [0x0000024970990000,0x0000024971140000] _byte_map_base: 0x000002496d135000

Marking Bits: (CMBitMap*) 0x0000024958172830
 Bits: [0x0000024971140000, 0x0000024974e68000)

Polling page: 0x0000024956110000

Metaspace:
Metaspace        used 18330K, committed 18624K, reserved 1114112K
 class space     used 1678K, committed 1856K, reserved 1048576K

Usage:
  Non-class:     16.26 MB used.
      Class:      1.64 MB used.
       Both:     17.90 MB used.

Virtual space:
  Non-class space:       64.00 MB reserved,      16.38 MB ( 26%) committed,  1 nodes.
      Class space:        1.00 GB reserved,       1.81 MB ( <1%) committed,  1 nodes.
             Both:        1.06 GB reserved,      18.19 MB (  2%) committed. 

Chunk freelists:
   Non-Class:  15.22 MB
       Class:  14.17 MB
        Both:  29.39 MB

MaxMetaspaceSize: unlimited
CompressedClassSpaceSize: 1.00 GB
Initial GC threshold: 21.00 MB
Current GC threshold: 21.00 MB
CDS: on
 - commit_granule_bytes: 65536.
 - commit_granule_words: 8192.
 - virtual_space_node_default_size: 8388608.
 - enlarge_chunks_in_place: 1.
UseCompressedClassPointers 1, UseCompactObjectHeaders 0
Narrow klass pointer bits 32, Max shift 3
Narrow klass base: 0x000000002c000000, Narrow klass shift: 0
Encoding Range: [0x000000002c000000 - 0x000000012c000000), (4294967296 bytes)
Klass Range:    [0x000000002c010000 - 0x000000006d000000), (1090453504 bytes)
Klass ID Range:  [65536 - 1090519033) (1090453497)
Protection zone: [0x000000002c000000 - 0x000000002c010000), (65536 bytes)


Internal statistics:

num_allocs_failed_limit: 0.
num_arena_births: 164.
num_arena_deaths: 0.
num_vsnodes_births: 2.
num_vsnodes_deaths: 0.
num_space_committed: 290.
num_space_uncommitted: 0.
num_chunks_returned_to_freelist: 0.
num_chunks_taken_from_freelist: 616.
num_chunk_merges: 0.
num_chunk_splits: 405.
num_chunks_enlarged: 303.
num_inconsistent_stats: 0.

CodeHeap 'non-profiled nmethods': size=119232Kb used=2844Kb max_used=2844Kb free=116387Kb
 bounds [0x00000249684f0000, 0x00000249687c0000, 0x000002496f960000]
CodeHeap 'profiled nmethods': size=119104Kb used=7465Kb max_used=7465Kb free=111638Kb
 bounds [0x0000024960960000, 0x00000249610b0000, 0x0000024967db0000]
CodeHeap 'non-nmethods': size=7424Kb used=3325Kb max_used=3479Kb free=4098Kb
 bounds [0x0000024967db0000, 0x0000024968140000, 0x00000249684f0000]
CodeCache: size=245760Kb, used=13634Kb, max_used=13788Kb, free=232123Kb
 total_blobs=5051, nmethods=4433, adapters=518, full_count=0
Compilation: enabled, stopped_count=0, restarted_count=0

Compilation events (20 events):
Event: 110.442 Thread 0x000002497c0c4aa0 4433       4       java.util.StringTokenizer::setMaxDelimCodePoint (156 bytes)
Event: 110.448 Thread 0x000002497c0c4aa0 nmethod 4433 0x00000249687a2988 code [0x00000249687a2a80, 0x00000249687a2d48]
Event: 110.448 Thread 0x000002497c0c4aa0 4400       4       java.lang.AbstractStringBuilder::appendChars (124 bytes)
Event: 110.449 Thread 0x000002497c0cab60 nmethod 4423 0x00000249687a2d88 code [0x00000249687a2e80, 0x00000249687a3570]
Event: 110.449 Thread 0x000002497c0cab60 4403       4       com.sun.org.apache.xerces.internal.util.XMLAttributesImpl::getLocalName (37 bytes)
Event: 110.450 Thread 0x000002497c0cab60 nmethod 4403 0x00000249687a3588 code [0x00000249687a3680, 0x00000249687a37d8]
Event: 110.450 Thread 0x000002497c0cab60 4405       4       com.sun.org.apache.xerces.internal.parsers.AbstractSAXParser$AttributesProxy::getLocalName (11 bytes)
Event: 110.451 Thread 0x000002497c0cab60 nmethod 4405 0x00000249687a3888 code [0x00000249687a3980, 0x00000249687a3b28]
Event: 110.451 Thread 0x000002497c0cab60 4406       4       com.sun.org.apache.xerces.internal.parsers.AbstractSAXParser$AttributesProxy::getValue (11 bytes)
Event: 110.457 Thread 0x000002497c0cab60 nmethod 4406 0x00000249687a3b88 code [0x00000249687a3c80, 0x00000249687a4638]
Event: 110.457 Thread 0x000002497c0cab60 4432       4       java.util.StringTokenizer::<init> (52 bytes)
Event: 110.460 Thread 0x0000024955baa570 nmethod 4399 0x00000249687a4688 code [0x00000249687a4780, 0x00000249687a53c8]
Event: 110.461 Thread 0x000002497c0cab60 nmethod 4432 0x00000249687a5408 code [0x00000249687a5500, 0x00000249687a5ab0]
Event: 110.464 Thread 0x000002497c0c4aa0 nmethod 4400 0x00000249687a5b08 code [0x00000249687a5c00, 0x00000249687a6388]
Event: 110.493 Thread 0x000002497c0c3a80 nmethod 4431% 0x00000249687a6408 code [0x00000249687a6500, 0x00000249687a8e08]
Event: 110.507 Thread 0x000002497c0c52b0 4434 %     3       opennlp.tools.ml.model.AbstractModelReader::getPredicates @ 18 (41 bytes)
Event: 110.508 Thread 0x000002497c0c52b0 nmethod 4434% 0x00000249610a8588 code [0x00000249610a8680, 0x00000249610a9630]
Event: 110.508 Thread 0x000002497c0c52b0 4435       3       opennlp.tools.ml.model.AbstractModelReader::getPredicates (41 bytes)
Event: 110.509 Thread 0x000002497c0c52b0 nmethod 4435 0x00000249610a9688 code [0x00000249610a9780, 0x00000249610aa670]
Event: 110.510 Thread 0x000002497c0ccba0 nmethod 3840 0x00000249687a8e88 code [0x00000249687a8f80, 0x00000249687b7028]

GC Heap Usage History (13 events):
Event: 1.038 {heap Before GC invocations=0 (full 0):
 garbage-first heap   total reserved 4007936K, committed 253952K, used 48277K [0x000000070b600000, 0x0000000800000000)
  region size 2048K, 24 young (49152K), 0 survivors (0K)
}
Event: 1.049 {heap After GC invocations=1 (full 0):
 garbage-first heap   total reserved 4007936K, committed 253952K, used 14127K [0x000000070b600000, 0x0000000800000000)
  region size 2048K, 3 young (6144K), 3 survivors (6144K)
}
Event: 1.334 {heap Before GC invocations=1 (full 0):
 garbage-first heap   total reserved 4007936K, committed 253952K, used 118575K [0x000000070b600000, 0x0000000800000000)
  region size 2048K, 52 young (106496K), 3 survivors (6144K)
}
Event: 1.367 {heap After GC invocations=2 (full 0):
 garbage-first heap   total reserved 4007936K, committed 253952K, used 50738K [0x000000070b600000, 0x0000000800000000)
  region size 2048K, 7 young (14336K), 7 survivors (14336K)
}
Event: 1.768 {heap Before GC invocations=2 (full 0):
 garbage-first heap   total reserved 4007936K, committed 253952K, used 146994K [0x000000070b600000, 0x0000000800000000)
  region size 2048K, 54 young (110592K), 7 survivors (14336K)
}
Event: 1.798 {heap After GC invocations=3 (full 0):
 garbage-first heap   total reserved 4007936K, committed 253952K, used 78670K [0x000000070b600000, 0x0000000800000000)
  region size 2048K, 7 young (14336K), 7 survivors (14336K)
}
Event: 109.377 {heap Before GC invocations=3 (full 0):
 garbage-first heap   total reserved 4007936K, committed 253952K, used 168782K [0x000000070b600000, 0x0000000800000000)
  region size 2048K, 52 young (106496K), 7 survivors (14336K)
}
Event: 109.391 {heap After GC invocations=4 (full 0):
 garbage-first heap   total reserved 4007936K, committed 253952K, used 98213K [0x000000070b600000, 0x0000000800000000)
  region size 2048K, 7 young (14336K), 7 survivors (14336K)
}
Event: 109.794 {heap Before GC invocations=4 (full 0):
 garbage-first heap   total reserved 4007936K, committed 253952K, used 186277K [0x000000070b600000, 0x0000000800000000)
  region size 2048K, 50 young (102400K), 7 survivors (14336K)
}
Event: 109.804 {heap After GC invocations=5 (full 0):
 garbage-first heap   total reserved 4007936K, committed 253952K, used 112522K [0x000000070b600000, 0x0000000800000000)
  region size 2048K, 7 young (14336K), 7 survivors (14336K)
}
Event: 110.417 {heap Before GC invocations=5 (full 0):
 garbage-first heap   total reserved 4007936K, committed 253952K, used 194442K [0x000000070b600000, 0x0000000800000000)
  region size 2048K, 47 young (96256K), 7 survivors (14336K)
}
Event: 110.430 {heap After GC invocations=6 (full 0):
 garbage-first heap   total reserved 4007936K, committed 253952K, used 129520K [0x000000070b600000, 0x0000000800000000)
  region size 2048K, 6 young (12288K), 6 survivors (12288K)
}
Event: 110.513 {heap Before GC invocations=6 (full 0):
 garbage-first heap   total reserved 4007936K, committed 253952K, used 162288K [0x000000070b600000, 0x0000000800000000)
  region size 2048K, 23 young (47104K), 6 survivors (12288K)
}

Metaspace Usage History (13 events):
Event: 1.038 {metaspace Before GC invocations=0 (full 0):
 Metaspace       used 9907K, committed 10048K, reserved 1114112K
  class space    used 965K, committed 1024K, reserved 1048576K
}
Event: 1.049 {metaspace After GC invocations=1 (full 0):
 Metaspace       used 9907K, committed 10048K, reserved 1114112K
  class space    used 965K, committed 1024K, reserved 1048576K
}
Event: 1.334 {metaspace Before GC invocations=1 (full 0):
 Metaspace       used 10045K, committed 10176K, reserved 1114112K
  class space    used 974K, committed 1024K, reserved 1048576K
}
Event: 1.367 {metaspace After GC invocations=2 (full 0):
 Metaspace       used 10045K, committed 10176K, reserved 1114112K
  class space    used 974K, committed 1024K, reserved 1048576K
}
Event: 1.768 {metaspace Before GC invocations=2 (full 0):
 Metaspace       used 10701K, committed 10816K, reserved 1114112K
  class space    used 1038K, committed 1088K, reserved 1048576K
}
Event: 1.798 {metaspace After GC invocations=3 (full 0):
 Metaspace       used 10701K, committed 10816K, reserved 1114112K
  class space    used 1038K, committed 1088K, reserved 1048576K
}
Event: 109.377 {metaspace Before GC invocations=3 (full 0):
 Metaspace       used 16872K, committed 17088K, reserved 1114112K
  class space    used 1548K, committed 1664K, reserved 1048576K
}
Event: 109.391 {metaspace After GC invocations=4 (full 0):
 Metaspace       used 16872K, committed 17088K, reserved 1114112K
  class space    used 1548K, committed 1664K, reserved 1048576K
}
Event: 109.794 {metaspace Before GC invocations=4 (full 0):
 Metaspace       used 17151K, committed 17344K, reserved 1114112K
  class space    used 1579K, committed 1664K, reserved 1048576K
}
Event: 109.804 {metaspace After GC invocations=5 (full 0):
 Metaspace       used 17151K, committed 17344K, reserved 1114112K
  class space    used 1579K, committed 1664K, reserved 1048576K
}
Event: 110.417 {metaspace Before GC invocations=5 (full 0):
 Metaspace       used 18329K, committed 18624K, reserved 1114112K
  class space    used 1678K, committed 1856K, reserved 1048576K
}
Event: 110.430 {metaspace After GC invocations=6 (full 0):
 Metaspace       used 18329K, committed 18624K, reserved 1114112K
  class space    used 1678K, committed 1856K, reserved 1048576K
}
Event: 110.513 {metaspace Before GC invocations=6 (full 0):
 Metaspace       used 18330K, committed 18624K, reserved 1114112K
  class space    used 1678K, committed 1856K, reserved 1048576K
}

Dll operation events (7 events):
Event: 0.010 Loaded shared library C:\Program Files\Java\jdk-25\bin\java.dll
Event: 0.046 Loaded shared library C:\Program Files\Java\jdk-25\bin\net.dll
Event: 0.049 Loaded shared library C:\Program Files\Java\jdk-25\bin\nio.dll
Event: 0.054 Loaded shared library C:\Program Files\Java\jdk-25\bin\zip.dll
Event: 0.078 Loaded shared library C:\Program Files\Java\jdk-25\bin\jimage.dll
Event: 1.849 Loaded shared library C:\Program Files\Java\jdk-25\bin\extnet.dll
Event: 1.940 Loaded shared library C:\Program Files\Java\jdk-25\bin\sunmscapi.dll

Deoptimization events (20 events):
Event: 110.380 Thread 0x0000024977263550 DEOPT PACKING pc=0x00000249687913e4 sp=0x000000ea1ebfe3d0
Event: 110.381 Thread 0x0000024977263550 DEOPT UNPACKING pc=0x0000024967ee0802 sp=0x000000ea1ebfe358 mode 2
Event: 110.381 Thread 0x0000024977263550 Uncommon trap: trap_request=0xffffffd6 fr.pc=0x00000249687913e4 relative=0x00000000000001e4
Event: 110.381 Thread 0x0000024977263550 Uncommon trap: reason=array_check action=maybe_recompile pc=0x00000249687913e4 method=java.util.LinkedList.toArray([Ljava/lang/Object;)[Ljava/lang/Object; @ 52 c2
Event: 110.381 Thread 0x0000024977263550 DEOPT PACKING pc=0x00000249687913e4 sp=0x000000ea1ebfe3d0
Event: 110.381 Thread 0x0000024977263550 DEOPT UNPACKING pc=0x0000024967ee0802 sp=0x000000ea1ebfe358 mode 2
Event: 110.381 Thread 0x0000024977263550 Uncommon trap: trap_request=0xffffffd6 fr.pc=0x00000249687913e4 relative=0x00000000000001e4
Event: 110.381 Thread 0x0000024977263550 Uncommon trap: reason=array_check action=maybe_recompile pc=0x00000249687913e4 method=java.util.LinkedList.toArray([Ljava/lang/Object;)[Ljava/lang/Object; @ 52 c2
Event: 110.381 Thread 0x0000024977263550 DEOPT PACKING pc=0x00000249687913e4 sp=0x000000ea1ebfe3d0
Event: 110.381 Thread 0x0000024977263550 DEOPT UNPACKING pc=0x0000024967ee0802 sp=0x000000ea1ebfe358 mode 2
Event: 110.381 Thread 0x0000024977263550 Uncommon trap: trap_request=0xffffffd6 fr.pc=0x00000249687913e4 relative=0x00000000000001e4
Event: 110.381 Thread 0x0000024977263550 Uncommon trap: reason=array_check action=maybe_recompile pc=0x00000249687913e4 method=java.util.LinkedList.toArray([Ljava/lang/Object;)[Ljava/lang/Object; @ 52 c2
Event: 110.381 Thread 0x0000024977263550 DEOPT PACKING pc=0x00000249687913e4 sp=0x000000ea1ebfe3d0
Event: 110.381 Thread 0x0000024977263550 DEOPT UNPACKING pc=0x0000024967ee0802 sp=0x000000ea1ebfe358 mode 2
Event: 110.493 Thread 0x0000024977263550 DEOPT PACKING pc=0x00000249610a6ec8 sp=0x000000ea1ebfe6b0
Event: 110.493 Thread 0x0000024977263550 DEOPT UNPACKING pc=0x0000024967e012a2 sp=0x000000ea1ebfdc98 mode 0
Event: 110.495 Thread 0x0000024977263550 Uncommon trap: trap_request=0xffffff45 fr.pc=0x00000249687a853c relative=0x000000000000203c
Event: 110.495 Thread 0x0000024977263550 Uncommon trap: reason=unstable_if action=reinterpret pc=0x00000249687a853c method=opennlp.tools.ml.model.AbstractModelReader.getOutcomePatterns()[[I @ 14 c2
Event: 110.495 Thread 0x0000024977263550 DEOPT PACKING pc=0x00000249687a853c sp=0x000000ea1ebfe7b0
Event: 110.495 Thread 0x0000024977263550 DEOPT UNPACKING pc=0x0000024967ee0802 sp=0x000000ea1ebfe798 mode 2

Classes loaded (20 events):
Event: 110.237 Loading class java/io/ObjectOutputStream
Event: 110.237 Loading class java/io/ObjectOutput
Event: 110.237 Loading class java/io/ObjectOutput done
Event: 110.238 Loading class java/io/ObjectOutputStream done
Event: 110.238 Loading class java/util/zip/ZipOutputStream
Event: 110.238 Loading class java/util/zip/DeflaterOutputStream
Event: 110.238 Loading class java/util/zip/DeflaterOutputStream done
Event: 110.238 Loading class java/util/zip/ZipOutputStream done
Event: 110.238 Loading class java/util/zip/ZipInputStream
Event: 110.239 Loading class java/util/zip/ZipInputStream done
Event: 110.244 Loading class java/io/PushbackInputStream
Event: 110.245 Loading class java/io/PushbackInputStream done
Event: 110.247 Loading class java/util/zip/GZIPInputStream
Event: 110.248 Loading class java/util/zip/GZIPInputStream done
Event: 110.304 Loading class java/lang/FdLibm$Log
Event: 110.305 Loading class java/lang/FdLibm$Log done
Event: 110.305 Loading class java/lang/FdLibm
Event: 110.305 Loading class java/lang/FdLibm done
Event: 110.318 Loading class org/xml/sax/helpers/XMLReaderFactory
Event: 110.318 Loading class org/xml/sax/helpers/XMLReaderFactory done

Classes unloaded (0 events):
No events

Classes redefined (0 events):
No events

Internal exceptions (20 events):
Event: 2.122 Thread 0x000002497de20d50 Exception <a 'java/lang/NoSuchMethodError'{0x000000071a2fd400}: 'java.lang.Object java.lang.invoke.DirectMethodHandle$Holder.newInvokeSpecial(java.lang.Object, java.lang.Object, java.lang.Object, java.lang.Object, java.lang.Object, java.lang.Object, java.lang.Object)'> (0x000000071a2fd400) 
thrown [s\open\src\hotspot\share\interpreter\linkResolver.cpp, line 804]
Event: 2.154 Thread 0x000002497de20d50 Exception <a 'java/lang/NoSuchMethodError'{0x000000071a05c670}: 'java.lang.Object java.lang.invoke.DirectMethodHandle$Holder.newInvokeSpecial(java.lang.Object, java.lang.Object, java.lang.Object, int)'> (0x000000071a05c670) 
thrown [s\open\src\hotspot\share\interpreter\linkResolver.cpp, line 804]
Event: 2.154 Thread 0x000002497de20d50 Exception <a 'java/lang/NoSuchMethodError'{0x000000071a0652a8}: 'java.lang.Object java.lang.invoke.Invokers$Holder.linkToTargetMethod(java.lang.Object, java.lang.Object, int, java.lang.Object)'> (0x000000071a0652a8) 
thrown [s\open\src\hotspot\share\interpreter\linkResolver.cpp, line 804]
Event: 2.162 Thread 0x000002497d62a6f0 Exception <a 'java/lang/NoSuchMethodError'{0x000000071a0bab68}: 'int java.lang.invoke.DirectMethodHandle$Holder.invokeStatic(java.lang.Object)'> (0x000000071a0bab68) 
thrown [s\open\src\hotspot\share\interpreter\linkResolver.cpp, line 804]
Event: 108.541 Thread 0x0000024977261de0 Exception <a 'java/lang/NoSuchMethodError'{0x0000000719d78710}: 'java.lang.Object java.lang.invoke.DirectMethodHandle$Holder.newInvokeSpecial(java.lang.Object, java.lang.Object, java.lang.Object, java.lang.Object, java.lang.Object)'> (0x0000000719d78710) 
thrown [s\open\src\hotspot\share\interpreter\linkResolver.cpp, line 804]
Event: 108.544 Thread 0x0000024977261de0 Exception <a 'java/lang/NoSuchMethodError'{0x0000000719d8f370}: 'int java.lang.invoke.DirectMethodHandle$Holder.invokeStaticInit(java.lang.Object, java.lang.Object)'> (0x0000000719d8f370) 
thrown [s\open\src\hotspot\share\interpreter\linkResolver.cpp, line 804]
Event: 108.547 Thread 0x0000024977261de0 Exception <a 'java/lang/NoSuchMethodError'{0x0000000719db8160}: 'java.lang.Object java.lang.invoke.DirectMethodHandle$Holder.newInvokeSpecial(java.lang.Object, java.lang.Object, java.lang.Object, int, java.lang.Object, java.lang.Object, java.lang.Object, java.lang.Object, java.lang.Object, java.lang.Object, java.lang.Object)'> (0x0000000719db8160) 
thrown [s\open\src\hotspot\share\interpreter\linkResolver.cpp, line 804]
Event: 108.553 Thread 0x0000024977263550 Exception <a 'java/lang/NoSuchMethodError'{0x0000000719a64498}: 'java.lang.Object java.lang.invoke.DirectMethodHandle$Holder.newInvokeSpecial(java.lang.Object, java.lang.Object, java.lang.Object, java.lang.Object, java.lang.Object, java.lang.Object, java.lang.Object, java.lang.Object)'> (0x0000000719a64498) 
thrown [s\open\src\hotspot\share\interpreter\linkResolver.cpp, line 804]
Event: 108.729 Thread 0x0000024977263550 Exception <a 'java/lang/NoSuchMethodError'{0x00000007194340a8}: 'int java.lang.invoke.DirectMethodHandle$Holder.invokeVirtual(java.lang.Object, java.lang.Object, java.lang.Object)'> (0x00000007194340a8) 
thrown [s\open\src\hotspot\share\interpreter\linkResolver.cpp, line 804]
Event: 108.760 Thread 0x0000024977263550 Exception <a 'java/lang/NoSuchMethodError'{0x0000000719314eb0}: 'void java.lang.invoke.DirectMethodHandle$Holder.invokeInterface(java.lang.Object, java.lang.Object, java.lang.Object)'> (0x0000000719314eb0) 
thrown [s\open\src\hotspot\share\interpreter\linkResolver.cpp, line 804]
Event: 108.797 Thread 0x0000024977263550 Exception <a 'java/lang/NoSuchMethodError'{0x00000007193e5bd0}: 'java.lang.Object java.lang.invoke.DirectMethodHandle$Holder.invokeVirtual(java.lang.Object, java.lang.Object, java.lang.Object)'> (0x00000007193e5bd0) 
thrown [s\open\src\hotspot\share\interpreter\linkResolver.cpp, line 804]
Event: 108.866 Thread 0x0000024977263550 Implicit null exception at 0x00000249685cfd9d to 0x00000249685cfe0a
Event: 109.814 Thread 0x0000024977263550 Implicit null exception at 0x00000249686dc2e5 to 0x00000249686dd2b0
Event: 110.067 Thread 0x0000024977263550 Implicit null exception at 0x0000024968690dd4 to 0x0000024968690e04
Event: 110.092 Thread 0x0000024977263550 Exception <a 'java/io/FileNotFoundException'{0x000000071727aab8}> (0x000000071727aab8) 
thrown [s\open\src\hotspot\share\prims\jni.cpp, line 516]
Event: 110.105 Thread 0x0000024977263550 Exception <a 'java/lang/NoSuchMethodError'{0x00000007172e0230}: 'void java.lang.invoke.DirectMethodHandle$Holder.invokeStaticInit(java.lang.Object)'> (0x00000007172e0230) 
thrown [s\open\src\hotspot\share\interpreter\linkResolver.cpp, line 804]
Event: 110.106 Thread 0x0000024977263550 Exception <a 'java/lang/NoSuchMethodError'{0x00000007172ef178}: 'java.lang.Object java.lang.invoke.DirectMethodHandle$Holder.invokeStatic(java.lang.Object, java.lang.Object, int, java.lang.Object)'> (0x00000007172ef178) 
thrown [s\open\src\hotspot\share\interpreter\linkResolver.cpp, line 804]
Event: 110.107 Thread 0x0000024977263550 Exception <a 'java/lang/NoSuchMethodError'{0x00000007172ff1a8}: 'java.lang.Object java.lang.invoke.DirectMethodHandle$Holder.newInvokeSpecial(java.lang.Object, java.lang.Object, int)'> (0x00000007172ff1a8) 
thrown [s\open\src\hotspot\share\interpreter\linkResolver.cpp, line 804]
Event: 110.109 Thread 0x0000024977263550 Exception <a 'java/lang/NoSuchMethodError'{0x000000071733a188}: 'java.lang.Object java.lang.invoke.DirectMethodHandle$Holder.newInvokeSpecial(java.lang.Object, java.lang.Object, java.lang.Object, int, java.lang.Object)'> (0x000000071733a188) 
thrown [s\open\src\hotspot\share\interpreter\linkResolver.cpp, line 804]
Event: 110.109 Thread 0x0000024977263550 Exception <a 'java/lang/NoSuchMethodError'{0x000000071734a9f0}: 'java.lang.Object java.lang.invoke.Invokers$Holder.linkToTargetMethod(java.lang.Object, java.lang.Object, int, java.lang.Object, java.lang.Object)'> (0x000000071734a9f0) 
thrown [s\open\src\hotspot\share\interpreter\linkResolver.cpp, line 804]

VM Operations (20 events):
Event: 107.684 Executing safepoint VM operation: ThreadDump done
Event: 108.546 Executing non-safepoint VM operation: HandshakeAllThreads (Deoptimize)
Event: 108.546 Executing non-safepoint VM operation: HandshakeAllThreads (Deoptimize) done
Event: 108.573 Executing non-safepoint VM operation: HandshakeAllThreads (Deoptimize)
Event: 108.573 Executing non-safepoint VM operation: HandshakeAllThreads (Deoptimize) done
Event: 108.620 Executing non-safepoint VM operation: HandshakeAllThreads (Deoptimize)
Event: 108.620 Executing non-safepoint VM operation: HandshakeAllThreads (Deoptimize) done
Event: 108.683 Executing safepoint VM operation: ThreadDump
Event: 108.687 Executing safepoint VM operation: ThreadDump done
Event: 109.377 Executing safepoint VM operation: G1CollectForAllocation (G1 Evacuation Pause)
Event: 109.391 Executing safepoint VM operation: G1CollectForAllocation (G1 Evacuation Pause) done
Event: 109.684 Executing safepoint VM operation: ThreadDump
Event: 109.684 Executing safepoint VM operation: ThreadDump done
Event: 109.794 Executing safepoint VM operation: G1CollectForAllocation (G1 Evacuation Pause)
Event: 109.804 Executing safepoint VM operation: G1CollectForAllocation (G1 Evacuation Pause) done
Event: 110.318 Executing non-safepoint VM operation: HandshakeAllThreads (Deoptimize)
Event: 110.318 Executing non-safepoint VM operation: HandshakeAllThreads (Deoptimize) done
Event: 110.417 Executing safepoint VM operation: G1CollectForAllocation (G1 Evacuation Pause)
Event: 110.430 Executing safepoint VM operation: G1CollectForAllocation (G1 Evacuation Pause) done
Event: 110.513 Executing safepoint VM operation: G1TryInitiateConcMark (G1 Humongous Allocation)

Memory protections (0 events):
No events

Nmethod flushes (0 events):
No events

Events (20 events):
Event: 2.161 Thread 0x000002497d72f400 Thread added: 0x000002497d62a6f0
Event: 2.684 Thread 0x000002497c0c3a80 Thread exited: 0x000002497c0c3a80
Event: 2.685 Thread 0x000002497c0c52b0 Thread exited: 0x000002497c0c52b0
Event: 7.685 Thread 0x000002497c0c4aa0 Thread exited: 0x000002497c0c4aa0
Event: 9.690 Thread 0x0000024955bacdc0 Thread exited: 0x0000024955bacdc0
Event: 16.697 Thread 0x0000024955babda0 Thread added: 0x000002497c0c4aa0
Event: 21.687 Thread 0x000002497c0c4aa0 Thread added: 0x000002497c0c72f0
Event: 21.688 Thread 0x000002497c0c4aa0 Thread added: 0x000002497c0c3a80
Event: 26.687 Thread 0x000002497c0c3a80 Thread exited: 0x000002497c0c3a80
Event: 31.698 Thread 0x000002497c0c72f0 Thread exited: 0x000002497c0c72f0
Event: 31.699 Thread 0x000002497c0c4aa0 Thread exited: 0x000002497c0c4aa0
Event: 108.509 Thread 0x000002497d72f400 Thread added: 0x0000024977261de0
Event: 108.548 Thread 0x0000024955babda0 Thread added: 0x000002497c0c3a80
Event: 108.549 Thread 0x0000024977261de0 Thread added: 0x0000024977263550
Event: 108.667 Thread 0x0000024955babda0 Thread added: 0x000002497c0c52b0
Event: 108.667 Thread 0x0000024955babda0 Thread added: 0x000002497c0c8310
Event: 108.667 Thread 0x0000024955babda0 Thread added: 0x000002497c0c72f0
Event: 108.911 Thread 0x000002497c0c52b0 Thread added: 0x000002497c0c4aa0
Event: 108.925 Thread 0x000002497c0c52b0 Thread added: 0x000002497c0ccba0
Event: 108.942 Thread 0x000002497c0c72f0 Thread added: 0x000002497c0cab60


Dynamic libraries:
0x00007ff6305e0000 - 0x00007ff6305f0000 	C:\Program Files\Java\jdk-25\bin\java.EXE
0x00007ffea4b00000 - 0x00007ffea4d68000 	C:\WINDOWS\SYSTEM32\ntdll.dll
0x00007ffea3350000 - 0x00007ffea3419000 	C:\WINDOWS\System32\KERNEL32.DLL
0x00007ffea1c50000 - 0x00007ffea203d000 	C:\WINDOWS\System32\KERNELBASE.dll
0x00007ffe944a0000 - 0x00007ffe94511000 	C:\Program Files (x86)\K7 Computing\K7TSecurity\K7CrvrEx64.dll
0x00007ffea3520000 - 0x00007ffea36ec000 	C:\WINDOWS\System32\USER32.dll
0x00007ffea2870000 - 0x00007ffea2897000 	C:\WINDOWS\System32\win32u.dll
0x00007ffea28d0000 - 0x00007ffea28fb000 	C:\WINDOWS\System32\GDI32.dll
0x00007ffea26a0000 - 0x00007ffea27d7000 	C:\WINDOWS\System32\gdi32full.dll
0x00007ffea2040000 - 0x00007ffea20e3000 	C:\WINDOWS\System32\msvcp_win.dll
0x00007ffea2550000 - 0x00007ffea269b000 	C:\WINDOWS\System32\ucrtbase.dll
0x00007ffea3070000 - 0x00007ffea3124000 	C:\WINDOWS\System32\ADVAPI32.dll
0x00007ffea3ac0000 - 0x00007ffea3b69000 	C:\WINDOWS\System32\msvcrt.dll
0x00007ffea36f0000 - 0x00007ffea3796000 	C:\WINDOWS\System32\sechost.dll
0x00007ffea2f50000 - 0x00007ffea3068000 	C:\WINDOWS\System32\RPCRT4.dll
0x00007ffe94440000 - 0x00007ffe9449c000 	C:\Program Files (x86)\K7 Computing\K7TSecurity\K7Crvr64.dll
0x00007ffe6e640000 - 0x00007ffe6e65e000 	C:\Program Files\Java\jdk-25\bin\VCRUNTIME140.dll
0x00007ffe6bee0000 - 0x00007ffe6bef7000 	C:\Program Files\Java\jdk-25\bin\jli.dll
0x00007ffe86f20000 - 0x00007ffe871ba000 	C:\WINDOWS\WinSxS\amd64_microsoft.windows.common-controls_6595b64144ccf1df_6.0.26100.4484_none_3e0e6d4ce32ef3b3\COMCTL32.dll
0x00007ffea2e90000 - 0x00007ffea2ebf000 	C:\WINDOWS\System32\IMM32.DLL
0x00007ffe8d290000 - 0x00007ffe8d29c000 	C:\Program Files\Java\jdk-25\bin\vcruntime140_1.dll
0x00007ffe36e80000 - 0x00007ffe36f0d000 	C:\Program Files\Java\jdk-25\bin\msvcp140.dll
0x00007ffda29a0000 - 0x00007ffda37ff000 	C:\Program Files\Java\jdk-25\bin\server\jvm.dll
0x00007ffea2a70000 - 0x00007ffea2ae4000 	C:\WINDOWS\System32\WS2_32.dll
0x00007ffea1aa0000 - 0x00007ffea1afe000 	C:\WINDOWS\SYSTEM32\POWRPROF.dll
0x00007ffe96160000 - 0x00007ffe9616b000 	C:\WINDOWS\SYSTEM32\VERSION.dll
0x00007ffe963d0000 - 0x00007ffe96405000 	C:\WINDOWS\SYSTEM32\WINMM.dll
0x00007ffea1a80000 - 0x00007ffea1a94000 	C:\WINDOWS\SYSTEM32\UMPDC.dll
0x00007ffea09f0000 - 0x00007ffea0a0b000 	C:\WINDOWS\SYSTEM32\kernel.appcore.dll
0x00007ffe81db0000 - 0x00007ffe81dba000 	C:\Program Files\Java\jdk-25\bin\jimage.dll
0x00007ffe92fa0000 - 0x00007ffe931e1000 	C:\WINDOWS\SYSTEM32\DBGHELP.DLL
0x00007ffea2b00000 - 0x00007ffea2e86000 	C:\WINDOWS\System32\combase.dll
0x00007ffea49d0000 - 0x00007ffea4ab0000 	C:\WINDOWS\System32\OLEAUT32.dll
0x00007ffe7c3f0000 - 0x00007ffe7c433000 	C:\WINDOWS\SYSTEM32\dbgcore.DLL
0x00007ffea24b0000 - 0x00007ffea2549000 	C:\WINDOWS\System32\bcryptPrimitives.dll
0x00007ffe683b0000 - 0x00007ffe683cf000 	C:\Program Files\Java\jdk-25\bin\java.dll
0x00007ffea47e0000 - 0x00007ffea497e000 	C:\WINDOWS\System32\ole32.dll
0x00007ffea3bf0000 - 0x00007ffea433a000 	C:\WINDOWS\System32\SHELL32.dll
0x00007ffea20f0000 - 0x00007ffea2264000 	C:\WINDOWS\System32\wintypes.dll
0x00007ffe9f890000 - 0x00007ffea00eb000 	C:\WINDOWS\SYSTEM32\windows.storage.dll
0x00007ffea31e0000 - 0x00007ffea32d5000 	C:\WINDOWS\System32\SHCORE.dll
0x00007ffea32e0000 - 0x00007ffea334a000 	C:\WINDOWS\System32\shlwapi.dll
0x00007ffea1b60000 - 0x00007ffea1b8f000 	C:\WINDOWS\SYSTEM32\profapi.dll
0x00007ffe5afc0000 - 0x00007ffe5afd2000 	C:\Program Files\Java\jdk-25\bin\net.dll
0x00007ffea0f80000 - 0x00007ffea0fea000 	C:\WINDOWS\system32\mswsock.dll
0x00007ffe5ae90000 - 0x00007ffe5aea6000 	C:\Program Files\Java\jdk-25\bin\nio.dll
0x00007ffe58590000 - 0x00007ffe585a7000 	C:\Program Files\Java\jdk-25\bin\zip.dll
0x00007ffea04f0000 - 0x00007ffea0616000 	C:\WINDOWS\SYSTEM32\DNSAPI.dll
0x00007ffea04b0000 - 0x00007ffea04e3000 	C:\WINDOWS\SYSTEM32\IPHLPAPI.DLL
0x00007ffea47d0000 - 0x00007ffea47da000 	C:\WINDOWS\System32\NSI.dll
0x00007ffe9aa00000 - 0x00007ffe9aa0b000 	C:\Windows\System32\rasadhlp.dll
0x00007ffe9c090000 - 0x00007ffe9c116000 	C:\WINDOWS\System32\fwpuclnt.dll
0x00007ffe73a10000 - 0x00007ffe73a19000 	C:\Program Files\Java\jdk-25\bin\extnet.dll
0x00007ffe6e690000 - 0x00007ffe6e69e000 	C:\Program Files\Java\jdk-25\bin\sunmscapi.dll
0x00007ffea2270000 - 0x00007ffea23e7000 	C:\WINDOWS\System32\CRYPT32.dll
0x00007ffea1450000 - 0x00007ffea1480000 	C:\WINDOWS\SYSTEM32\ncrypt.dll
0x00007ffea1400000 - 0x00007ffea143f000 	C:\WINDOWS\SYSTEM32\NTASN1.dll
0x00007ffe5e240000 - 0x00007ffe5e248000 	C:\WINDOWS\system32\wshunix.dll
0x00007ffea1230000 - 0x00007ffea124b000 	C:\WINDOWS\SYSTEM32\CRYPTSP.dll
0x00007ffea0950000 - 0x00007ffea098b000 	C:\WINDOWS\system32\rsaenh.dll
0x00007ffea1020000 - 0x00007ffea104b000 	C:\WINDOWS\SYSTEM32\USERENV.dll
0x00007ffea1b30000 - 0x00007ffea1b56000 	C:\WINDOWS\SYSTEM32\bcrypt.dll
0x00007ffea18b0000 - 0x00007ffea18ba000 	C:\WINDOWS\SYSTEM32\DPAPI.dll
0x00007ffea1250000 - 0x00007ffea125c000 	C:\WINDOWS\SYSTEM32\CRYPTBASE.dll

JVMTI agents: none

dbghelp: loaded successfully - version: 4.0.5 - missing functions: none
symbol engine: initialized successfully - sym options: 0x614 - pdb path: .;C:\Program Files\Java\jdk-25\bin;C:\WINDOWS\SYSTEM32;C:\Program Files (x86)\K7 Computing\K7TSecurity;C:\WINDOWS\WinSxS\amd64_microsoft.windows.common-controls_6595b64144ccf1df_6.0.26100.4484_none_3e0e6d4ce32ef3b3;C:\Program Files\Java\jdk-25\bin\server

VM Arguments:
java_command: org.languagetool.server.HTTPServer -p 8081
java_class_path (initial): C:\Users\hp\.cache\language_tool_python\LanguageTool-6.8-SNAPSHOT\languagetool-server.jar
Launcher Type: SUN_STANDARD

[Global flags]
     intx CICompilerCount                          = 12                                        {product} {ergonomic}
     uint ConcGCThreads                            = 3                                         {product} {ergonomic}
     uint G1ConcRefinementThreads                  = 13                                        {product} {ergonomic}
   size_t G1HeapRegionSize                         = 2097152                                   {product} {ergonomic}
   size_t InitialHeapSize                          = 257949696                                 {product} {ergonomic}
   size_t MarkStackSize                            = 4194304                                   {product} {ergonomic}
   size_t MarkStackSizeMax                         = 536870912                                 {product} {ergonomic}
   size_t MaxHeapSize                              = 4104126464                                {product} {ergonomic}
   size_t MaxNewSize                               = 2462056448                                {product} {ergonomic}
   size_t MinHeapDeltaBytes                        = 2097152                                   {product} {ergonomic}
   size_t MinHeapSize                              = 8388608                                   {product} {ergonomic}
    uintx NonNMethodCodeHeapSize                   = 7602176                                {pd product} {ergonomic}
    uintx NonProfiledCodeHeapSize                  = 122093568                              {pd product} {ergonomic}
    uintx ProfiledCodeHeapSize                     = 121962496                              {pd product} {ergonomic}
    uintx ReservedCodeCacheSize                    = 251658240                              {pd product} {ergonomic}
     bool SegmentedCodeCache                       = true                                      {product} {ergonomic}
   size_t SoftMaxHeapSize                          = 4104126464                             {manageable} {ergonomic}
     bool UseCompressedOops                        = true                           {product lp64_product} {ergonomic}
     bool UseG1GC                                  = true                                      {product} {ergonomic}
     bool UseLargePagesIndividualAllocation        = false                                  {pd product} {ergonomic}

Logging:
Log output configuration:
 #0: stdout all=warning uptime,level,tags foldmultilines=false
 #1: stderr all=off uptime,level,tags foldmultilines=false

Release file:
IMPLEMENTOR="Oracle Corporation" 
JAVA_RUNTIME_VERSION="25.0.1+8-LTS-27" 
JAVA_VERSION="25.0.1" 
JAVA_VERSION_DATE="2025-10-21" 
LIBC="default" 
MODULES="java.base java.compiler java.datatransfer java.xml java.prefs java.desktop java.instrument java.logging java.management java.security.sasl java.naming java.rmi java.management.rmi java.net.http java.scripting java.security.jgss java.transaction.xa java.sql java.sql.rowset java.xml.crypto java.se java.smartcardio jdk.accessibility jdk.internal.jvmstat jdk.attach jdk.charsets jdk.internal.opt jdk.zipfs jdk.compiler jdk.crypto.cryptoki jdk.crypto.ec jdk.crypto.mscapi jdk.dynalink jdk.internal.ed jdk.editpad jdk.internal.vm.ci jdk.graal.compiler jdk.graal.compiler.management jdk.hotspot.agent jdk.httpserver jdk.incubator.vector jdk.internal.le jdk.internal.md jdk.jartool jdk.javadoc jdk.jcmd jdk.management jdk.management.agent jdk.jconsole jdk.jdeps jdk.jdwp.agent jdk.jdi jdk.jfr jdk.jlink jdk.jpackage jdk.jshell jdk.jsobject jdk.jstatd jdk.localedata jdk.management.jfr jdk.naming.dns jdk.naming.rmi jdk.net jdk.nio.mapmode jdk.sctp jdk.security.auth jdk.security.jgss jdk.unsupported jdk.unsupported.desktop jdk.xml.dom" 
OS_ARCH="x86_64" 
OS_NAME="Windows" 
SOURCE=".:git:862c85bc42b7 open:git:78770bfaefd2" 

Environment Variables:
PATH=E:\Papervista-Upd\backend\.venv\Scripts;C:\Program Files\Common Files\Oracle\Java\javapath;C:\Program Files\Python313\Scripts\;C:\Program Files\Python313\;C:\WINDOWS\system32;C:\WINDOWS;C:\WINDOWS\System32\Wbem;C:\WINDOWS\System32\WindowsPowerShell\v1.0\;C:\WINDOWS\System32\OpenSSH\;C:\Program Files\Git\cmd;C:\ProgramData\chocolatey\bin;C:\Users\hp\AppData\Local\Programs\Python\Python313\;C:\Users\hp\AppData\Local\Programs\Python\Python313\Scripts\;C:\Program Files (x86)\Microsoft SQL Server\160\Tools\Binn\;C:\Program Files\Microsoft SQL Server\160\Tools\Binn\;C:\Program Files\Microsoft SQL Server\Client SDK\ODBC\170\Tools\Binn\;C:\Program Files\Microsoft SQL Server\160\DTS\Binn\;C:\Users\hp\AppData\Local\Programs\Python\Python311;C:\Users\hp\AppData\Local\Programs\Python\Python311\Scripts;C:\Program Files\MySQL\MySQL Server 8.0\bin;C:\Program Files\nodejs\;C:\Program Files\Java\jdk-25\bin;C:\Program Files\MySQL\MySQL Shell 8.0\bin\;C:\Users\hp\AppData\Local\Programs\Python\Python311\Scripts\;C:\Users\hp\AppData\Local\Programs\Python\Python311\;C:\Users\hp\AppData\Local\Microsoft\WindowsApps;C:\Users\hp\AppData\Local\Programs\Microsoft VS Code\bin;C:\Users\hp\AppData\Roaming\npm;C:\Users\hp\AppData\Local\Programs\cursor\resources\app\bin
USERNAME=hp
OS=Windows_NT
PROCESSOR_IDENTIFIER=AMD64 Family 25 Model 116 Stepping 1, AuthenticAMD
TMP=C:\Users\hp\AppData\Local\Temp
TEMP=C:\Users\hp\AppData\Local\Temp




Compilation memory statistics disabled.

Periodic native trim disabled

---------------  S Y S T E M  ---------------

OS:
 Windows 11 , 64 bit Build 26100 (10.0.26100.4484)
OS uptime: 7 days 10:38 hours
Hyper-V role detected

CPU: total 16 (initial active 16) (16 cores per cpu, 2 threads per core) family 25 model 116 stepping 1 microcode 0xa704109, cx8, cmov, fxsr, ht, mmx, 3dnowpref, sse, sse2, sse3, ssse3, sse4a, sse4.1, sse4.2, popcnt, lzcnt, tsc, tscinvbit, avx, avx2, aes, erms, clmul, bmi1, bmi2, adx, avx512f, avx512dq, avx512cd, avx512bw, avx512vl, sha, fma, vzeroupper, avx512_vpopcntdq, avx512_vpclmulqdq, avx512_vaes, avx512_vnni, clflush, clflushopt, clwb, avx512_vbmi2, avx512_vbmi, hv, rdtscp, rdpid, fsrm, gfni, avx512_bitalg, f16c, cet_ss, avx512_ifma
Processor Information for the first 16 processors :
  Max Mhz: 3801, Current Mhz: 2516, Mhz Limit: 3801

Memory: 4k page, system-wide physical 15654M (1067M free)
TotalPageFile size 41654M (AvailPageFile size 59M)
current process WorkingSet (physical memory assigned to process): 356M, peak: 360M
current process commit charge ("private bytes"): 418M, peak: 561M

vm_info: Java HotSpot(TM) 64-Bit Server VM (25.0.1+8-LTS-27) for windows-amd64 JRE (25.0.1+8-LTS-27), built on 2025-09-25T16:41:16Z with unknown MS VC++:1943

END.
